Component: Arm Compiler for Embedded 6.19 Tool: armlink [5e73cb00]

==============================================================================

Section Cross References

    startup.o(RESET) refers to startup.o(STACK) for StackMem
    startup.o(RESET) refers to uart.o(.text.UART0_Handler) for UART0_Handler
    startup.o(RESET) refers to hc05.o(.text.UART1_Handler) for UART1_Handler
    startup.o(RESET) refers to entry.o(.ARM.Collect$$$$00000000) for __main
    main.o(.text.main) refers to startup.o(.text) for DisableInterrupts
    main.o(.text.main) refers to pll.o(.text.PLL_Init) for PLL_Init
    main.o(.text.main) refers to led.o(.text.LED_Init) for LED_Init
    main.o(.text.main) refers to uart.o(.text.Output_Init) for Output_Init
    main.o(.text.main) refers to main.o(.rodata.str1.1) for .L.str
    main.o(.text.main) refers to printfa.o(i.__0printf) for printf
    main.o(.text.main) refers to hc05.o(.text.HC05_Init) for HC05_Init
    main.o(.text.main) refers to led.o(.text.Board_Input) for Board_Input
    main.o(.text.main) refers to hc05.o(.text.HC05config) for HC05config
    main.o(.text.main) refers to hc05.o(.text.DelayMs) for DelayMs
    main.o(.text.main) refers to hc05.o(.text.HC05_InitUART) for HC05_InitUART
    main.o(.text.main) refers to hc05.o(.text.HC05_PrintChar) for HC05_PrintChar
    main.o(.text.main) refers to led.o(.text.LED_Blueon) for LED_Blueon
    main.o(.text.main) refers to led.o(.text.LED_RedOff) for LED_RedOff
    main.o(.text.main) refers to led.o(.text.LED_Blueoff) for LED_Blueoff
    main.o(.ARM.exidx.text.main) refers to main.o(.text.main) for [Anonymous Symbol]
    pll.o(.ARM.exidx.text.PLL_Init) refers to pll.o(.text.PLL_Init) for [Anonymous Symbol]
    uart.o(.text.RxFifo_Init) refers to startup.o(.text) for StartCritical
    uart.o(.text.RxFifo_Init) refers to uart.o(.bss.RxGetI) for RxGetI
    uart.o(.text.RxFifo_Init) refers to uart.o(.bss.RxPutI) for RxPutI
    uart.o(.ARM.exidx.text.RxFifo_Init) refers to uart.o(.text.RxFifo_Init) for [Anonymous Symbol]
    uart.o(.text.RxFifo_Put) refers to uart.o(.bss.RxPutI) for RxPutI
    uart.o(.text.RxFifo_Put) refers to uart.o(.bss.RxGetI) for RxGetI
    uart.o(.text.RxFifo_Put) refers to uart.o(.bss.RxFifo) for RxFifo
    uart.o(.ARM.exidx.text.RxFifo_Put) refers to uart.o(.text.RxFifo_Put) for [Anonymous Symbol]
    uart.o(.text.RxFifo_Get) refers to uart.o(.bss.RxPutI) for RxPutI
    uart.o(.text.RxFifo_Get) refers to uart.o(.bss.RxGetI) for RxGetI
    uart.o(.text.RxFifo_Get) refers to uart.o(.bss.RxFifo) for RxFifo
    uart.o(.ARM.exidx.text.RxFifo_Get) refers to uart.o(.text.RxFifo_Get) for [Anonymous Symbol]
    uart.o(.text.RxFifo_Size) refers to uart.o(.bss.RxPutI) for RxPutI
    uart.o(.text.RxFifo_Size) refers to uart.o(.bss.RxGetI) for RxGetI
    uart.o(.ARM.exidx.text.RxFifo_Size) refers to uart.o(.text.RxFifo_Size) for [Anonymous Symbol]
    uart.o(.text.TxFifo_Init) refers to startup.o(.text) for StartCritical
    uart.o(.text.TxFifo_Init) refers to uart.o(.bss.TxGetI) for TxGetI
    uart.o(.text.TxFifo_Init) refers to uart.o(.bss.TxPutI) for TxPutI
    uart.o(.ARM.exidx.text.TxFifo_Init) refers to uart.o(.text.TxFifo_Init) for [Anonymous Symbol]
    uart.o(.text.TxFifo_Put) refers to uart.o(.bss.TxPutI) for TxPutI
    uart.o(.text.TxFifo_Put) refers to uart.o(.bss.TxGetI) for TxGetI
    uart.o(.text.TxFifo_Put) refers to uart.o(.bss.TxFifo) for TxFifo
    uart.o(.ARM.exidx.text.TxFifo_Put) refers to uart.o(.text.TxFifo_Put) for [Anonymous Symbol]
    uart.o(.text.TxFifo_Get) refers to uart.o(.bss.TxPutI) for TxPutI
    uart.o(.text.TxFifo_Get) refers to uart.o(.bss.TxGetI) for TxGetI
    uart.o(.text.TxFifo_Get) refers to uart.o(.bss.TxFifo) for TxFifo
    uart.o(.ARM.exidx.text.TxFifo_Get) refers to uart.o(.text.TxFifo_Get) for [Anonymous Symbol]
    uart.o(.text.TxFifo_Size) refers to uart.o(.bss.TxPutI) for TxPutI
    uart.o(.text.TxFifo_Size) refers to uart.o(.bss.TxGetI) for TxGetI
    uart.o(.ARM.exidx.text.TxFifo_Size) refers to uart.o(.text.TxFifo_Size) for [Anonymous Symbol]
    uart.o(.text.UART_Init) refers to uart.o(.text.RxFifo_Init) for RxFifo_Init
    uart.o(.text.UART_Init) refers to uart.o(.text.TxFifo_Init) for TxFifo_Init
    uart.o(.ARM.exidx.text.UART_Init) refers to uart.o(.text.UART_Init) for [Anonymous Symbol]
    uart.o(.text.UART_InChar) refers to uart.o(.text.RxFifo_Get) for RxFifo_Get
    uart.o(.ARM.exidx.text.UART_InChar) refers to uart.o(.text.UART_InChar) for [Anonymous Symbol]
    uart.o(.text.UART_InCharNonBlock) refers to uart.o(.text.RxFifo_Get) for RxFifo_Get
    uart.o(.ARM.exidx.text.UART_InCharNonBlock) refers to uart.o(.text.UART_InCharNonBlock) for [Anonymous Symbol]
    uart.o(.ARM.exidx.text.simpleUART1_OutChar) refers to uart.o(.text.simpleUART1_OutChar) for [Anonymous Symbol]
    uart.o(.text.UART_OutChar) refers to uart.o(.text.TxFifo_Put) for TxFifo_Put
    uart.o(.text.UART_OutChar) refers to uart.o(.text.copySoftwareToHardware) for copySoftwareToHardware
    uart.o(.ARM.exidx.text.UART_OutChar) refers to uart.o(.text.UART_OutChar) for [Anonymous Symbol]
    uart.o(.text.copySoftwareToHardware) refers to uart.o(.text.TxFifo_Size) for TxFifo_Size
    uart.o(.text.copySoftwareToHardware) refers to uart.o(.text.TxFifo_Get) for TxFifo_Get
    uart.o(.ARM.exidx.text.copySoftwareToHardware) refers to uart.o(.text.copySoftwareToHardware) for [Anonymous Symbol]
    uart.o(.text.UART_OutCharNonBlock) refers to uart.o(.text.TxFifo_Put) for TxFifo_Put
    uart.o(.text.UART_OutCharNonBlock) refers to uart.o(.text.copySoftwareToHardware) for copySoftwareToHardware
    uart.o(.ARM.exidx.text.UART_OutCharNonBlock) refers to uart.o(.text.UART_OutCharNonBlock) for [Anonymous Symbol]
    uart.o(.text.UART0_Handler) refers to uart.o(.text.copySoftwareToHardware) for copySoftwareToHardware
    uart.o(.text.UART0_Handler) refers to uart.o(.text.TxFifo_Size) for TxFifo_Size
    uart.o(.text.UART0_Handler) refers to uart.o(.text.copyHardwareToSoftware) for copyHardwareToSoftware
    uart.o(.ARM.exidx.text.UART0_Handler) refers to uart.o(.text.UART0_Handler) for [Anonymous Symbol]
    uart.o(.text.copyHardwareToSoftware) refers to uart.o(.text.RxFifo_Size) for RxFifo_Size
    uart.o(.text.copyHardwareToSoftware) refers to uart.o(.text.RxFifo_Put) for RxFifo_Put
    uart.o(.ARM.exidx.text.copyHardwareToSoftware) refers to uart.o(.text.copyHardwareToSoftware) for [Anonymous Symbol]
    uart.o(.text.UART_OutString) refers to uart.o(.text.UART_OutChar) for UART_OutChar
    uart.o(.ARM.exidx.text.UART_OutString) refers to uart.o(.text.UART_OutString) for [Anonymous Symbol]
    uart.o(.text.UART_InUDec) refers to uart.o(.text.UART_InChar) for UART_InChar
    uart.o(.text.UART_InUDec) refers to uart.o(.text.UART_OutChar) for UART_OutChar
    uart.o(.ARM.exidx.text.UART_InUDec) refers to uart.o(.text.UART_InUDec) for [Anonymous Symbol]
    uart.o(.text.UART_OutUDec) refers to uart.o(.text.UART_OutChar) for UART_OutChar
    uart.o(.ARM.exidx.text.UART_OutUDec) refers to uart.o(.text.UART_OutUDec) for [Anonymous Symbol]
    uart.o(.text.UART_InUHex) refers to uart.o(.text.UART_InChar) for UART_InChar
    uart.o(.text.UART_InUHex) refers to uart.o(.text.UART_OutChar) for UART_OutChar
    uart.o(.ARM.exidx.text.UART_InUHex) refers to uart.o(.text.UART_InUHex) for [Anonymous Symbol]
    uart.o(.text.UART_OutUHex) refers to uart.o(.text.UART_OutChar) for UART_OutChar
    uart.o(.ARM.exidx.text.UART_OutUHex) refers to uart.o(.text.UART_OutUHex) for [Anonymous Symbol]
    uart.o(.text.UART_InString) refers to uart.o(.text.UART_InChar) for UART_InChar
    uart.o(.text.UART_InString) refers to uart.o(.text.UART_OutChar) for UART_OutChar
    uart.o(.ARM.exidx.text.UART_InString) refers to uart.o(.text.UART_InString) for [Anonymous Symbol]
    uart.o(.text.fputc) refers to uart.o(.text.UART_OutChar) for UART_OutChar
    uart.o(.ARM.exidx.text.fputc) refers to uart.o(.text.fputc) for [Anonymous Symbol]
    uart.o(.text.Output_Init) refers to uart.o(.text.UART_Init) for UART_Init
    uart.o(.ARM.exidx.text.Output_Init) refers to uart.o(.text.Output_Init) for [Anonymous Symbol]
    led.o(.ARM.exidx.text.LED_Init) refers to led.o(.text.LED_Init) for [Anonymous Symbol]
    led.o(.ARM.exidx.text.Board_Input) refers to led.o(.text.Board_Input) for [Anonymous Symbol]
    led.o(.ARM.exidx.text.LED_RedOn) refers to led.o(.text.LED_RedOn) for [Anonymous Symbol]
    led.o(.ARM.exidx.text.LED_RedOff) refers to led.o(.text.LED_RedOff) for [Anonymous Symbol]
    led.o(.ARM.exidx.text.LED_RedToggle) refers to led.o(.text.LED_RedToggle) for [Anonymous Symbol]
    led.o(.ARM.exidx.text.LED_BlueToggle) refers to led.o(.text.LED_BlueToggle) for [Anonymous Symbol]
    led.o(.ARM.exidx.text.LED_Blueon) refers to led.o(.text.LED_Blueon) for [Anonymous Symbol]
    led.o(.ARM.exidx.text.LED_Blueoff) refers to led.o(.text.LED_Blueoff) for [Anonymous Symbol]
    led.o(.ARM.exidx.text.LED_GreenToggle) refers to led.o(.text.LED_GreenToggle) for [Anonymous Symbol]
    led.o(.ARM.exidx.text.LED_GreenOn) refers to led.o(.text.LED_GreenOn) for [Anonymous Symbol]
    led.o(.ARM.exidx.text.LED_GreenOff) refers to led.o(.text.LED_GreenOff) for [Anonymous Symbol]
    hc05.o(.ARM.exidx.text.lc) refers to hc05.o(.text.lc) for [Anonymous Symbol]
    hc05.o(.text.SearchStart) refers to hc05.o(.data.SearchString) for SearchString
    hc05.o(.text.SearchStart) refers to hc05.o(.rodata.str1.1) for .L.str
    hc05.o(.text.SearchStart) refers to strcpy.o(.text) for strcpy
    hc05.o(.text.SearchStart) refers to hc05.o(.bss.SearchIndex) for SearchIndex
    hc05.o(.text.SearchStart) refers to hc05.o(.bss.SearchFound) for SearchFound
    hc05.o(.text.SearchStart) refers to hc05.o(.bss.SearchLooking) for SearchLooking
    hc05.o(.ARM.exidx.text.SearchStart) refers to hc05.o(.text.SearchStart) for [Anonymous Symbol]
    hc05.o(.text.SearchCheck) refers to hc05.o(.bss.SearchLooking) for SearchLooking
    hc05.o(.text.SearchCheck) refers to hc05.o(.bss.SearchIndex) for SearchIndex
    hc05.o(.text.SearchCheck) refers to hc05.o(.data.SearchString) for SearchString
    hc05.o(.text.SearchCheck) refers to hc05.o(.text.lc) for lc
    hc05.o(.text.SearchCheck) refers to hc05.o(.bss.SearchFound) for SearchFound
    hc05.o(.ARM.exidx.text.SearchCheck) refers to hc05.o(.text.SearchCheck) for [Anonymous Symbol]
    hc05.o(.ARM.exidx.text.HC05_InitUART) refers to hc05.o(.text.HC05_InitUART) for [Anonymous Symbol]
    hc05.o(.text.UART1_Handler) refers to hc05.o(.text.HC05FIFOtoBuffer) for HC05FIFOtoBuffer
    hc05.o(.ARM.exidx.text.UART1_Handler) refers to hc05.o(.text.UART1_Handler) for [Anonymous Symbol]
    hc05.o(.text.HC05FIFOtoBuffer) refers to uart.o(.text.UART_OutCharNonBlock) for UART_OutCharNonBlock
    hc05.o(.text.HC05FIFOtoBuffer) refers to hc05.o(.bss.RXBufferIndex) for RXBufferIndex
    hc05.o(.text.HC05FIFOtoBuffer) refers to hc05.o(.bss.RXBuffer) for RXBuffer
    hc05.o(.text.HC05FIFOtoBuffer) refers to hc05.o(.text.SearchCheck) for SearchCheck
    hc05.o(.ARM.exidx.text.HC05FIFOtoBuffer) refers to hc05.o(.text.HC05FIFOtoBuffer) for [Anonymous Symbol]
    hc05.o(.ARM.exidx.text.HC05_EnableRXInterrupt) refers to hc05.o(.text.HC05_EnableRXInterrupt) for [Anonymous Symbol]
    hc05.o(.ARM.exidx.text.HC05_DisableRXInterrupt) refers to hc05.o(.text.HC05_DisableRXInterrupt) for [Anonymous Symbol]
    hc05.o(.text.HC05_PrintChar) refers to uart.o(.text.UART_OutChar) for UART_OutChar
    hc05.o(.ARM.exidx.text.HC05_PrintChar) refers to hc05.o(.text.HC05_PrintChar) for [Anonymous Symbol]
    hc05.o(.ARM.exidx.text.DelayMs) refers to hc05.o(.text.DelayMs) for [Anonymous Symbol]
    hc05.o(.text.DelayMsSearching) refers to hc05.o(.bss.SearchFound) for SearchFound
    hc05.o(.ARM.exidx.text.DelayMsSearching) refers to hc05.o(.text.DelayMsSearching) for [Anonymous Symbol]
    hc05.o(.text.ATsend) refers to hc05.o(.rodata.str1.1) for .L.str.1
    hc05.o(.text.ATsend) refers to uart.o(.text.UART_OutString) for UART_OutString
    hc05.o(.text.ATsend) refers to hc05.o(.text.SearchStart) for SearchStart
    hc05.o(.text.ATsend) refers to hc05.o(.text.HC05_PrintChar) for HC05_PrintChar
    hc05.o(.text.ATsend) refers to hc05.o(.text.DelayMsSearching) for DelayMsSearching
    hc05.o(.text.ATsend) refers to hc05.o(.bss.SearchFound) for SearchFound
    hc05.o(.ARM.exidx.text.ATsend) refers to hc05.o(.text.ATsend) for [Anonymous Symbol]
    hc05.o(.text.HC05config) refers to hc05.o(.rodata.str1.1) for .L.str.2
    hc05.o(.text.HC05config) refers to hc05.o(.text.ATsend) for ATsend
    hc05.o(.text.HC05config) refers to hc05.o(.bss.SearchFound) for SearchFound
    hc05.o(.text.HC05config) refers to printfa.o(i.__0printf) for printf
    hc05.o(.ARM.exidx.text.HC05config) refers to hc05.o(.text.HC05config) for [Anonymous Symbol]
    hc05.o(.text.HC05_Init) refers to hc05.o(.text.HC05_InitUART) for HC05_InitUART
    hc05.o(.text.HC05_Init) refers to hc05.o(.text.HC05_EnableRXInterrupt) for HC05_EnableRXInterrupt
    hc05.o(.text.HC05_Init) refers to hc05.o(.bss.SearchLooking) for SearchLooking
    hc05.o(.text.HC05_Init) refers to hc05.o(.bss.SearchFound) for SearchFound
    hc05.o(.text.HC05_Init) refers to startup.o(.text) for EnableInterrupts
    hc05.o(.ARM.exidx.text.HC05_Init) refers to hc05.o(.text.HC05_Init) for [Anonymous Symbol]
    entry.o(.ARM.Collect$$$$00000000) refers (Special) to entry10a.o(.ARM.Collect$$$$0000000D) for __rt_final_cpp
    entry.o(.ARM.Collect$$$$00000000) refers (Special) to entry11a.o(.ARM.Collect$$$$0000000F) for __rt_final_exit
    entry.o(.ARM.Collect$$$$00000000) refers (Special) to entry7b.o(.ARM.Collect$$$$00000008) for _main_clock
    entry.o(.ARM.Collect$$$$00000000) refers (Special) to entry8b.o(.ARM.Collect$$$$0000000A) for _main_cpp_init
    entry.o(.ARM.Collect$$$$00000000) refers (Special) to entry9a.o(.ARM.Collect$$$$0000000B) for _main_init
    entry.o(.ARM.Collect$$$$00000000) refers (Special) to entry5.o(.ARM.Collect$$$$00000004) for _main_scatterload
    entry.o(.ARM.Collect$$$$00000000) refers (Special) to entry2.o(.ARM.Collect$$$$00000001) for _main_stk
    printfa.o(i.__0fprintf) refers (Special) to iusefp.o(.text) for __I$use$fp
    printfa.o(i.__0fprintf) refers to printfa.o(i._printf_core) for _printf_core
    printfa.o(i.__0fprintf) refers to uart.o(.text.fputc) for fputc
    printfa.o(i.__0printf) refers (Special) to iusefp.o(.text) for __I$use$fp
    printfa.o(i.__0printf) refers to printfa.o(i._printf_core) for _printf_core
    printfa.o(i.__0printf) refers to uart.o(.text.fputc) for fputc
    printfa.o(i.__0printf) refers to stdout.o(.data) for __stdout
    printfa.o(i.__0snprintf) refers (Special) to iusefp.o(.text) for __I$use$fp
    printfa.o(i.__0snprintf) refers to printfa.o(i._printf_core) for _printf_core
    printfa.o(i.__0snprintf) refers to printfa.o(i._snputc) for _snputc
    printfa.o(i.__0sprintf) refers (Special) to iusefp.o(.text) for __I$use$fp
    printfa.o(i.__0sprintf) refers to printfa.o(i._printf_core) for _printf_core
    printfa.o(i.__0sprintf) refers to printfa.o(i._sputc) for _sputc
    printfa.o(i.__0vfprintf) refers (Special) to iusefp.o(.text) for __I$use$fp
    printfa.o(i.__0vfprintf) refers to printfa.o(i._printf_core) for _printf_core
    printfa.o(i.__0vfprintf) refers to uart.o(.text.fputc) for fputc
    printfa.o(i.__0vprintf) refers (Special) to iusefp.o(.text) for __I$use$fp
    printfa.o(i.__0vprintf) refers to printfa.o(i._printf_core) for _printf_core
    printfa.o(i.__0vprintf) refers to uart.o(.text.fputc) for fputc
    printfa.o(i.__0vprintf) refers to stdout.o(.data) for __stdout
    printfa.o(i.__0vsnprintf) refers (Special) to iusefp.o(.text) for __I$use$fp
    printfa.o(i.__0vsnprintf) refers to printfa.o(i._printf_core) for _printf_core
    printfa.o(i.__0vsnprintf) refers to printfa.o(i._snputc) for _snputc
    printfa.o(i.__0vsprintf) refers (Special) to iusefp.o(.text) for __I$use$fp
    printfa.o(i.__0vsprintf) refers to printfa.o(i._printf_core) for _printf_core
    printfa.o(i.__0vsprintf) refers to printfa.o(i._sputc) for _sputc
    printfa.o(i._fp_digits) refers (Special) to iusefp.o(.text) for __I$use$fp
    printfa.o(i._fp_digits) refers to dmul.o(.text) for __aeabi_dmul
    printfa.o(i._fp_digits) refers to ddiv.o(.text) for __aeabi_ddiv
    printfa.o(i._fp_digits) refers to cdrcmple.o(.text) for __aeabi_cdrcmple
    printfa.o(i._fp_digits) refers to dadd.o(.text) for __aeabi_dadd
    printfa.o(i._fp_digits) refers to dfixul.o(.text) for __aeabi_d2ulz
    printfa.o(i._fp_digits) refers to uldiv.o(.text) for __aeabi_uldivmod
    printfa.o(i._printf_core) refers (Special) to iusefp.o(.text) for __I$use$fp
    printfa.o(i._printf_core) refers to printfa.o(i._printf_pre_padding) for _printf_pre_padding
    printfa.o(i._printf_core) refers to uldiv.o(.text) for __aeabi_uldivmod
    printfa.o(i._printf_core) refers to printfa.o(i._printf_post_padding) for _printf_post_padding
    printfa.o(i._printf_core) refers to printfa.o(i._fp_digits) for _fp_digits
    printfa.o(i._printf_core) refers to uidiv.o(.text) for __aeabi_uidivmod
    printfa.o(i._printf_post_padding) refers (Special) to iusefp.o(.text) for __I$use$fp
    printfa.o(i._printf_pre_padding) refers (Special) to iusefp.o(.text) for __I$use$fp
    printfa.o(i._snputc) refers (Special) to iusefp.o(.text) for __I$use$fp
    printfa.o(i._sputc) refers (Special) to iusefp.o(.text) for __I$use$fp
    entry2.o(.ARM.Collect$$$$00000001) refers to entry2.o(.ARM.Collect$$$$00002712) for __lit__00000000
    entry2.o(.ARM.Collect$$$$00002712) refers to startup.o(STACK) for __initial_sp
    entry2.o(__vectab_stack_and_reset_area) refers to startup.o(STACK) for __initial_sp
    entry2.o(__vectab_stack_and_reset_area) refers to entry.o(.ARM.Collect$$$$00000000) for __main
    entry5.o(.ARM.Collect$$$$00000004) refers to init.o(.text) for __scatterload
    entry9a.o(.ARM.Collect$$$$0000000B) refers to main.o(.text.main) for main
    entry9b.o(.ARM.Collect$$$$0000000C) refers to main.o(.text.main) for main
    uldiv.o(.text) refers to llushr.o(.text) for __aeabi_llsr
    uldiv.o(.text) refers to llshl.o(.text) for __aeabi_llsl
    dadd.o(.text) refers (Special) to iusefp.o(.text) for __I$use$fp
    dadd.o(.text) refers to llshl.o(.text) for __aeabi_llsl
    dadd.o(.text) refers to llsshr.o(.text) for __aeabi_lasr
    dadd.o(.text) refers to depilogue.o(.text) for _double_epilogue
    dmul.o(.text) refers (Special) to iusefp.o(.text) for __I$use$fp
    dmul.o(.text) refers to depilogue.o(.text) for _double_epilogue
    ddiv.o(.text) refers (Special) to iusefp.o(.text) for __I$use$fp
    ddiv.o(.text) refers to depilogue.o(.text) for _double_round
    dfixul.o(.text) refers (Special) to iusefp.o(.text) for __I$use$fp
    dfixul.o(.text) refers to llushr.o(.text) for __aeabi_llsr
    dfixul.o(.text) refers to llshl.o(.text) for __aeabi_llsl
    cdrcmple.o(.text) refers (Special) to iusefp.o(.text) for __I$use$fp
    init.o(.text) refers to entry5.o(.ARM.Collect$$$$00000004) for __main_after_scatterload
    depilogue.o(.text) refers (Special) to iusefp.o(.text) for __I$use$fp
    depilogue.o(.text) refers to llshl.o(.text) for __aeabi_llsl
    depilogue.o(.text) refers to llushr.o(.text) for __aeabi_llsr


==============================================================================

Removing Unused input sections from the image.

    Removing startup.o(HEAP), (0 bytes).
    Removing main.o(.text), (0 bytes).
    Removing main.o(.ARM.exidx.text.main), (8 bytes).
    Removing main.o(.ARM.use_no_argv), (4 bytes).
    Removing pll.o(.text), (0 bytes).
    Removing pll.o(.ARM.exidx.text.PLL_Init), (8 bytes).
    Removing uart.o(.text), (0 bytes).
    Removing uart.o(.ARM.exidx.text.RxFifo_Init), (8 bytes).
    Removing uart.o(.ARM.exidx.text.RxFifo_Put), (8 bytes).
    Removing uart.o(.text.RxFifo_Get), (82 bytes).
    Removing uart.o(.ARM.exidx.text.RxFifo_Get), (8 bytes).
    Removing uart.o(.ARM.exidx.text.RxFifo_Size), (8 bytes).
    Removing uart.o(.ARM.exidx.text.TxFifo_Init), (8 bytes).
    Removing uart.o(.ARM.exidx.text.TxFifo_Put), (8 bytes).
    Removing uart.o(.ARM.exidx.text.TxFifo_Get), (8 bytes).
    Removing uart.o(.ARM.exidx.text.TxFifo_Size), (8 bytes).
    Removing uart.o(.ARM.exidx.text.UART_Init), (8 bytes).
    Removing uart.o(.text.UART_InChar), (28 bytes).
    Removing uart.o(.ARM.exidx.text.UART_InChar), (8 bytes).
    Removing uart.o(.text.UART_InCharNonBlock), (42 bytes).
    Removing uart.o(.ARM.exidx.text.UART_InCharNonBlock), (8 bytes).
    Removing uart.o(.text.simpleUART1_OutChar), (46 bytes).
    Removing uart.o(.ARM.exidx.text.simpleUART1_OutChar), (8 bytes).
    Removing uart.o(.ARM.exidx.text.UART_OutChar), (8 bytes).
    Removing uart.o(.ARM.exidx.text.copySoftwareToHardware), (8 bytes).
    Removing uart.o(.ARM.exidx.text.UART_OutCharNonBlock), (8 bytes).
    Removing uart.o(.ARM.exidx.text.UART0_Handler), (8 bytes).
    Removing uart.o(.ARM.exidx.text.copyHardwareToSoftware), (8 bytes).
    Removing uart.o(.ARM.exidx.text.UART_OutString), (8 bytes).
    Removing uart.o(.text.UART_InUDec), (152 bytes).
    Removing uart.o(.ARM.exidx.text.UART_InUDec), (8 bytes).
    Removing uart.o(.text.UART_OutUDec), (72 bytes).
    Removing uart.o(.ARM.exidx.text.UART_OutUDec), (8 bytes).
    Removing uart.o(.text.UART_InUHex), (218 bytes).
    Removing uart.o(.ARM.exidx.text.UART_InUHex), (8 bytes).
    Removing uart.o(.text.UART_OutUHex), (72 bytes).
    Removing uart.o(.ARM.exidx.text.UART_OutUHex), (8 bytes).
    Removing uart.o(.text.UART_InString), (136 bytes).
    Removing uart.o(.ARM.exidx.text.UART_InString), (8 bytes).
    Removing uart.o(.ARM.exidx.text.fputc), (8 bytes).
    Removing uart.o(.ARM.exidx.text.Output_Init), (8 bytes).
    Removing led.o(.text), (0 bytes).
    Removing led.o(.ARM.exidx.text.LED_Init), (8 bytes).
    Removing led.o(.ARM.exidx.text.Board_Input), (8 bytes).
    Removing led.o(.text.LED_RedOn), (14 bytes).
    Removing led.o(.ARM.exidx.text.LED_RedOn), (8 bytes).
    Removing led.o(.ARM.exidx.text.LED_RedOff), (8 bytes).
    Removing led.o(.text.LED_RedToggle), (18 bytes).
    Removing led.o(.ARM.exidx.text.LED_RedToggle), (8 bytes).
    Removing led.o(.text.LED_BlueToggle), (18 bytes).
    Removing led.o(.ARM.exidx.text.LED_BlueToggle), (8 bytes).
    Removing led.o(.ARM.exidx.text.LED_Blueon), (8 bytes).
    Removing led.o(.ARM.exidx.text.LED_Blueoff), (8 bytes).
    Removing led.o(.text.LED_GreenToggle), (18 bytes).
    Removing led.o(.ARM.exidx.text.LED_GreenToggle), (8 bytes).
    Removing led.o(.text.LED_GreenOn), (14 bytes).
    Removing led.o(.ARM.exidx.text.LED_GreenOn), (8 bytes).
    Removing led.o(.text.LED_GreenOff), (14 bytes).
    Removing led.o(.ARM.exidx.text.LED_GreenOff), (8 bytes).
    Removing hc05.o(.text), (0 bytes).
    Removing hc05.o(.ARM.exidx.text.lc), (8 bytes).
    Removing hc05.o(.ARM.exidx.text.SearchStart), (8 bytes).
    Removing hc05.o(.ARM.exidx.text.SearchCheck), (8 bytes).
    Removing hc05.o(.ARM.exidx.text.HC05_InitUART), (8 bytes).
    Removing hc05.o(.ARM.exidx.text.UART1_Handler), (8 bytes).
    Removing hc05.o(.ARM.exidx.text.HC05FIFOtoBuffer), (8 bytes).
    Removing hc05.o(.ARM.exidx.text.HC05_EnableRXInterrupt), (8 bytes).
    Removing hc05.o(.text.HC05_DisableRXInterrupt), (14 bytes).
    Removing hc05.o(.ARM.exidx.text.HC05_DisableRXInterrupt), (8 bytes).
    Removing hc05.o(.ARM.exidx.text.HC05_PrintChar), (8 bytes).
    Removing hc05.o(.ARM.exidx.text.DelayMs), (8 bytes).
    Removing hc05.o(.ARM.exidx.text.DelayMsSearching), (8 bytes).
    Removing hc05.o(.ARM.exidx.text.ATsend), (8 bytes).
    Removing hc05.o(.ARM.exidx.text.HC05config), (8 bytes).
    Removing hc05.o(.ARM.exidx.text.HC05_Init), (8 bytes).
    Removing hc05.o(.bss.LastReturnIndex), (4 bytes).
    Removing hc05.o(.bss.CurrentReturnIndex), (4 bytes).
    Removing hc05.o(.bss.TXBuffer), (1024 bytes).

78 unused section(s) (total 2410 bytes) removed from the image.

==============================================================================

Image Symbol Table

    Local Symbols

    Symbol Name                              Value     Ov Type        Size  Object(Section)

    ../clib/division.s                       0x00000000   Number         0  aeabi_sdiv.o ABSOLUTE
    ../clib/microlib/division.c              0x00000000   Number         0  uidiv.o ABSOLUTE
    ../clib/microlib/division.c              0x00000000   Number         0  uldiv.o ABSOLUTE
    ../clib/microlib/init/entry.s            0x00000000   Number         0  entry.o ABSOLUTE
    ../clib/microlib/init/entry.s            0x00000000   Number         0  entry2.o ABSOLUTE
    ../clib/microlib/init/entry.s            0x00000000   Number         0  entry5.o ABSOLUTE
    ../clib/microlib/init/entry.s            0x00000000   Number         0  entry7a.o ABSOLUTE
    ../clib/microlib/init/entry.s            0x00000000   Number         0  entry7b.o ABSOLUTE
    ../clib/microlib/init/entry.s            0x00000000   Number         0  entry8a.o ABSOLUTE
    ../clib/microlib/init/entry.s            0x00000000   Number         0  entry8b.o ABSOLUTE
    ../clib/microlib/init/entry.s            0x00000000   Number         0  entry9a.o ABSOLUTE
    ../clib/microlib/init/entry.s            0x00000000   Number         0  entry9b.o ABSOLUTE
    ../clib/microlib/init/entry.s            0x00000000   Number         0  entry10a.o ABSOLUTE
    ../clib/microlib/init/entry.s            0x00000000   Number         0  entry10b.o ABSOLUTE
    ../clib/microlib/init/entry.s            0x00000000   Number         0  entry11a.o ABSOLUTE
    ../clib/microlib/init/entry.s            0x00000000   Number         0  entry11b.o ABSOLUTE
    ../clib/microlib/longlong.c              0x00000000   Number         0  llshl.o ABSOLUTE
    ../clib/microlib/longlong.c              0x00000000   Number         0  llushr.o ABSOLUTE
    ../clib/microlib/longlong.c              0x00000000   Number         0  llsshr.o ABSOLUTE
    ../clib/microlib/printf/printf.c         0x00000000   Number         0  printfa.o ABSOLUTE
    ../clib/microlib/stdio/streams.c         0x00000000   Number         0  stdout.o ABSOLUTE
    ../clib/microlib/string/strcpy.c         0x00000000   Number         0  strcpy.o ABSOLUTE
    ../clib/microlib/stubs.s                 0x00000000   Number         0  iusefp.o ABSOLUTE
    ../fplib/microlib/fpadd.c                0x00000000   Number         0  dadd.o ABSOLUTE
    ../fplib/microlib/fpdiv.c                0x00000000   Number         0  ddiv.o ABSOLUTE
    ../fplib/microlib/fpepilogue.c           0x00000000   Number         0  depilogue.o ABSOLUTE
    ../fplib/microlib/fpfix.c                0x00000000   Number         0  dfixul.o ABSOLUTE
    ../fplib/microlib/fpmul.c                0x00000000   Number         0  dmul.o ABSOLUTE
    HC05.c                                   0x00000000   Number         0  hc05.o ABSOLUTE
    LED.c                                    0x00000000   Number         0  led.o ABSOLUTE
    UART.c                                   0x00000000   Number         0  uart.o ABSOLUTE
    cdrcmple.s                               0x00000000   Number         0  cdrcmple.o ABSOLUTE
    dc.s                                     0x00000000   Number         0  dc.o ABSOLUTE
    handlers.s                               0x00000000   Number         0  handlers.o ABSOLUTE
    init.s                                   0x00000000   Number         0  init.o ABSOLUTE
    main.c                                   0x00000000   Number         0  main.o ABSOLUTE
    pll.c                                    0x00000000   Number         0  pll.o ABSOLUTE
    startup.s                                0x00000000   Number         0  startup.o ABSOLUTE
    RESET                                    0x00000000   Section      644  startup.o(RESET)
    $v0                                      0x0000026c   Number         0  startup.o(RESET)
    .ARM.Collect$$$$00000000                 0x00000284   Section        0  entry.o(.ARM.Collect$$$$00000000)
    .ARM.Collect$$$$00000001                 0x00000284   Section        4  entry2.o(.ARM.Collect$$$$00000001)
    .ARM.Collect$$$$00000004                 0x00000288   Section        4  entry5.o(.ARM.Collect$$$$00000004)
    .ARM.Collect$$$$00000008                 0x0000028c   Section        0  entry7b.o(.ARM.Collect$$$$00000008)
    .ARM.Collect$$$$0000000A                 0x0000028c   Section        0  entry8b.o(.ARM.Collect$$$$0000000A)
    .ARM.Collect$$$$0000000B                 0x0000028c   Section        8  entry9a.o(.ARM.Collect$$$$0000000B)
    __lit__00000000                          0x00000294   Data           4  entry2.o(.ARM.Collect$$$$00002712)
    .ARM.Collect$$$$0000000D                 0x00000294   Section        0  entry10a.o(.ARM.Collect$$$$0000000D)
    .ARM.Collect$$$$0000000F                 0x00000294   Section        0  entry11a.o(.ARM.Collect$$$$0000000F)
    .ARM.Collect$$$$00002712                 0x00000294   Section        4  entry2.o(.ARM.Collect$$$$00002712)
    $v0                                      0x00000298   Number         0  startup.o(.text)
    .text                                    0x00000298   Section       28  startup.o(.text)
    .text                                    0x000002b4   Section        0  strcpy.o(.text)
    .text                                    0x000002c6   Section        0  uidiv.o(.text)
    .text                                    0x000002f2   Section        0  uldiv.o(.text)
    .text                                    0x00000354   Section        0  iusefp.o(.text)
    .text                                    0x00000354   Section        0  dadd.o(.text)
    .text                                    0x000004a2   Section        0  dmul.o(.text)
    .text                                    0x00000586   Section        0  ddiv.o(.text)
    .text                                    0x00000664   Section        0  dfixul.o(.text)
    .text                                    0x00000694   Section       48  cdrcmple.o(.text)
    .text                                    0x000006c4   Section       36  init.o(.text)
    .text                                    0x000006e8   Section        0  llshl.o(.text)
    .text                                    0x00000706   Section        0  llushr.o(.text)
    .text                                    0x00000726   Section        0  llsshr.o(.text)
    .text                                    0x0000074a   Section        0  depilogue.o(.text)
    [Anonymous Symbol]                       0x00000804   Section        0  hc05.o(.text.ATsend)
    [Anonymous Symbol]                       0x0000086c   Section        0  led.o(.text.Board_Input)
    [Anonymous Symbol]                       0x0000088c   Section        0  hc05.o(.text.DelayMs)
    [Anonymous Symbol]                       0x000008bc   Section        0  hc05.o(.text.DelayMsSearching)
    [Anonymous Symbol]                       0x000008fc   Section        0  hc05.o(.text.HC05FIFOtoBuffer)
    [Anonymous Symbol]                       0x00000978   Section        0  hc05.o(.text.HC05_EnableRXInterrupt)
    [Anonymous Symbol]                       0x00000988   Section        0  hc05.o(.text.HC05_Init)
    [Anonymous Symbol]                       0x000009b8   Section        0  hc05.o(.text.HC05_InitUART)
    [Anonymous Symbol]                       0x00000ae4   Section        0  hc05.o(.text.HC05_PrintChar)
    [Anonymous Symbol]                       0x00000b1c   Section        0  hc05.o(.text.HC05config)
    [Anonymous Symbol]                       0x00000db8   Section        0  led.o(.text.LED_Blueoff)
    [Anonymous Symbol]                       0x00000dc8   Section        0  led.o(.text.LED_Blueon)
    [Anonymous Symbol]                       0x00000dd8   Section        0  led.o(.text.LED_Init)
    [Anonymous Symbol]                       0x00000e68   Section        0  led.o(.text.LED_RedOff)
    [Anonymous Symbol]                       0x00000e78   Section        0  uart.o(.text.Output_Init)
    [Anonymous Symbol]                       0x00000e80   Section        0  pll.o(.text.PLL_Init)
    [Anonymous Symbol]                       0x00000f0c   Section        0  uart.o(.text.RxFifo_Init)
    [Anonymous Symbol]                       0x00000f38   Section        0  uart.o(.text.RxFifo_Put)
    [Anonymous Symbol]                       0x00000f90   Section        0  uart.o(.text.RxFifo_Size)
    [Anonymous Symbol]                       0x00000fac   Section        0  hc05.o(.text.SearchCheck)
    [Anonymous Symbol]                       0x0000103c   Section        0  hc05.o(.text.SearchStart)
    [Anonymous Symbol]                       0x00001078   Section        0  uart.o(.text.TxFifo_Get)
    [Anonymous Symbol]                       0x000010cc   Section        0  uart.o(.text.TxFifo_Init)
    [Anonymous Symbol]                       0x000010f8   Section        0  uart.o(.text.TxFifo_Put)
    [Anonymous Symbol]                       0x00001150   Section        0  uart.o(.text.TxFifo_Size)
    [Anonymous Symbol]                       0x0000116c   Section        0  uart.o(.text.UART0_Handler)
    [Anonymous Symbol]                       0x000011f8   Section        0  hc05.o(.text.UART1_Handler)
    [Anonymous Symbol]                       0x00001244   Section        0  uart.o(.text.UART_Init)
    [Anonymous Symbol]                       0x00001330   Section        0  uart.o(.text.UART_OutChar)
    [Anonymous Symbol]                       0x0000136c   Section        0  uart.o(.text.UART_OutCharNonBlock)
    [Anonymous Symbol]                       0x000013a8   Section        0  uart.o(.text.UART_OutString)
    copyHardwareToSoftware                   0x000013cd   Thumb Code    86  uart.o(.text.copyHardwareToSoftware)
    [Anonymous Symbol]                       0x000013cc   Section        0  uart.o(.text.copyHardwareToSoftware)
    copySoftwareToHardware                   0x00001425   Thumb Code    82  uart.o(.text.copySoftwareToHardware)
    [Anonymous Symbol]                       0x00001424   Section        0  uart.o(.text.copySoftwareToHardware)
    [Anonymous Symbol]                       0x00001478   Section        0  uart.o(.text.fputc)
    [Anonymous Symbol]                       0x00001490   Section        0  hc05.o(.text.lc)
    [Anonymous Symbol]                       0x000014c0   Section        0  main.o(.text.main)
    i.__0printf                              0x000015dc   Section        0  printfa.o(i.__0printf)
    i.__scatterload_copy                     0x000015fc   Section       14  handlers.o(i.__scatterload_copy)
    i.__scatterload_null                     0x0000160a   Section        2  handlers.o(i.__scatterload_null)
    i.__scatterload_zeroinit                 0x0000160c   Section       14  handlers.o(i.__scatterload_zeroinit)
    _fp_digits                               0x0000161d   Thumb Code   366  printfa.o(i._fp_digits)
    i._fp_digits                             0x0000161c   Section        0  printfa.o(i._fp_digits)
    _printf_core                             0x000017a1   Thumb Code  1744  printfa.o(i._printf_core)
    i._printf_core                           0x000017a0   Section        0  printfa.o(i._printf_core)
    _printf_post_padding                     0x00001e7d   Thumb Code    36  printfa.o(i._printf_post_padding)
    i._printf_post_padding                   0x00001e7c   Section        0  printfa.o(i._printf_post_padding)
    _printf_pre_padding                      0x00001ea1   Thumb Code    46  printfa.o(i._printf_pre_padding)
    i._printf_pre_padding                    0x00001ea0   Section        0  printfa.o(i._printf_pre_padding)
    .L.str.2                                 0x00001ece   Data         142  main.o(.rodata.str1.1)
    [Anonymous Symbol]                       0x00001ece   Section        0  main.o(.rodata.str1.1)
    .L.str.1                                 0x00001f5c   Data          81  main.o(.rodata.str1.1)
    .L.str                                   0x00001fad   Data          27  main.o(.rodata.str1.1)
    .L.str.8                                 0x00001fc8   Data          19  hc05.o(.rodata.str1.1)
    [Anonymous Symbol]                       0x00001fc8   Section        0  hc05.o(.rodata.str1.1)
    .L.str.16                                0x00001fdb   Data          13  hc05.o(.rodata.str1.1)
    .L.str.6                                 0x00001fe8   Data          15  hc05.o(.rodata.str1.1)
    .L.str.10                                0x00001ff7   Data          12  hc05.o(.rodata.str1.1)
    .L.str.14                                0x00002003   Data          16  hc05.o(.rodata.str1.1)
    .L.str.17                                0x00002013   Data          17  hc05.o(.rodata.str1.1)
    .L.str.23                                0x00002024   Data          11  hc05.o(.rodata.str1.1)
    .L.str.19                                0x0000202f   Data          11  hc05.o(.rodata.str1.1)
    .L.str.21                                0x0000203a   Data          11  hc05.o(.rodata.str1.1)
    .L.str.26                                0x00002045   Data          11  hc05.o(.rodata.str1.1)
    .L.str.24                                0x00002050   Data          11  hc05.o(.rodata.str1.1)
    .L.str.28                                0x0000205b   Data           9  hc05.o(.rodata.str1.1)
    .L.str.4                                 0x00002064   Data          23  hc05.o(.rodata.str1.1)
    .L.str.2                                 0x0000207b   Data           5  hc05.o(.rodata.str1.1)
    .L.str.12                                0x00002080   Data          10  hc05.o(.rodata.str1.1)
    .L.str.1                                 0x00002087   Data           3  hc05.o(.rodata.str1.1)
    .L.str.3                                 0x0000208a   Data          20  hc05.o(.rodata.str1.1)
    .L.str.25                                0x0000209e   Data          10  hc05.o(.rodata.str1.1)
    .L.str.11                                0x000020a8   Data          28  hc05.o(.rodata.str1.1)
    .L.str.27                                0x000020c4   Data          23  hc05.o(.rodata.str1.1)
    .L.str.18                                0x000020db   Data          23  hc05.o(.rodata.str1.1)
    .L.str.20                                0x000020f2   Data          22  hc05.o(.rodata.str1.1)
    .L.str.5                                 0x00002108   Data          26  hc05.o(.rodata.str1.1)
    .L.str.7                                 0x00002122   Data          38  hc05.o(.rodata.str1.1)
    .L.str.13                                0x00002148   Data          24  hc05.o(.rodata.str1.1)
    .L.str.15                                0x00002160   Data          23  hc05.o(.rodata.str1.1)
    .L.str.22                                0x00002177   Data          22  hc05.o(.rodata.str1.1)
    .L.str.9                                 0x0000218d   Data          25  hc05.o(.rodata.str1.1)
    .L.str                                   0x000021a6   Data           3  hc05.o(.rodata.str1.1)
    .L.str.29                                0x000021a9   Data          22  hc05.o(.rodata.str1.1)
    .data                                    0x20000000   Section        4  stdout.o(.data)
    RxFifo                                   0x2000042c   Data        1024  uart.o(.bss.RxFifo)
    [Anonymous Symbol]                       0x2000042c   Section        0  uart.o(.bss.RxFifo)
    TxFifo                                   0x2000083d   Data        1024  uart.o(.bss.TxFifo)
    [Anonymous Symbol]                       0x2000083d   Section        0  uart.o(.bss.TxFifo)
    StackMem                                 0x20000c48   Data           0  startup.o(STACK)
    STACK                                    0x20000c48   Section     1024  startup.o(STACK)

    Global Symbols

    Symbol Name                              Value     Ov Type        Size  Object(Section)

    BuildAttributes$$THM_ISAv4$E$P$D$K$B$S$7EM$VFPi3$EXTD16$VFPS$VFMA$PE$A:L22UL41UL21$X:L11$S22US41US21$IEEE1$IW$~IW$USESV6$~STKCKD$USESV7$~SHL$OSPACE$ROPI$EBA8$MICROLIB$REQ8$PRES8$EABIv2 0x00000000   Number         0  anon$$obj.o ABSOLUTE
    __Vectors                                0x00000000   Data           0  startup.o(RESET)
    __cpp_initialize__aeabi_                  - Undefined Weak Reference
    __cxa_finalize                            - Undefined Weak Reference
    __decompress                              - Undefined Weak Reference
    _clock_init                               - Undefined Weak Reference
    _microlib_exit                            - Undefined Weak Reference
    Reset_Handler                            0x0000026d   Thumb Code     0  startup.o(RESET)
    NMI_Handler                              0x00000271   Thumb Code     2  startup.o(RESET)
    HardFault_Handler                        0x00000273   Thumb Code     2  startup.o(RESET)
    MemManage_Handler                        0x00000275   Thumb Code     2  startup.o(RESET)
    BusFault_Handler                         0x00000277   Thumb Code     2  startup.o(RESET)
    UsageFault_Handler                       0x00000279   Thumb Code     2  startup.o(RESET)
    SVC_Handler                              0x0000027b   Thumb Code     2  startup.o(RESET)
    DebugMon_Handler                         0x0000027d   Thumb Code     2  startup.o(RESET)
    PendSV_Handler                           0x0000027f   Thumb Code     2  startup.o(RESET)
    SysTick_Handler                          0x00000281   Thumb Code     2  startup.o(RESET)
    ADC0Seq0_Handler                         0x00000283   Thumb Code     0  startup.o(RESET)
    ADC0Seq1_Handler                         0x00000283   Thumb Code     0  startup.o(RESET)
    ADC0Seq2_Handler                         0x00000283   Thumb Code     0  startup.o(RESET)
    ADC0Seq3_Handler                         0x00000283   Thumb Code     0  startup.o(RESET)
    ADC1Seq0_Handler                         0x00000283   Thumb Code     0  startup.o(RESET)
    ADC1Seq1_Handler                         0x00000283   Thumb Code     0  startup.o(RESET)
    ADC1Seq2_Handler                         0x00000283   Thumb Code     0  startup.o(RESET)
    ADC1Seq3_Handler                         0x00000283   Thumb Code     0  startup.o(RESET)
    CAN0_Handler                             0x00000283   Thumb Code     0  startup.o(RESET)
    CAN1_Handler                             0x00000283   Thumb Code     0  startup.o(RESET)
    CAN2_Handler                             0x00000283   Thumb Code     0  startup.o(RESET)
    Comp0_Handler                            0x00000283   Thumb Code     0  startup.o(RESET)
    Comp1_Handler                            0x00000283   Thumb Code     0  startup.o(RESET)
    Comp2_Handler                            0x00000283   Thumb Code     0  startup.o(RESET)
    Ethernet_Handler                         0x00000283   Thumb Code     0  startup.o(RESET)
    ExtBus_Handler                           0x00000283   Thumb Code     0  startup.o(RESET)
    FPU_Handler                              0x00000283   Thumb Code     0  startup.o(RESET)
    Fan0_Handler                             0x00000283   Thumb Code     0  startup.o(RESET)
    FlashCtl_Handler                         0x00000283   Thumb Code     0  startup.o(RESET)
    GPIOPortA_Handler                        0x00000283   Thumb Code     0  startup.o(RESET)
    GPIOPortB_Handler                        0x00000283   Thumb Code     0  startup.o(RESET)
    GPIOPortC_Handler                        0x00000283   Thumb Code     0  startup.o(RESET)
    GPIOPortD_Handler                        0x00000283   Thumb Code     0  startup.o(RESET)
    GPIOPortE_Handler                        0x00000283   Thumb Code     0  startup.o(RESET)
    GPIOPortF_Handler                        0x00000283   Thumb Code     0  startup.o(RESET)
    GPIOPortG_Handler                        0x00000283   Thumb Code     0  startup.o(RESET)
    GPIOPortH_Handler                        0x00000283   Thumb Code     0  startup.o(RESET)
    GPIOPortJ_Handler                        0x00000283   Thumb Code     0  startup.o(RESET)
    GPIOPortK_Handler                        0x00000283   Thumb Code     0  startup.o(RESET)
    GPIOPortL_Handler                        0x00000283   Thumb Code     0  startup.o(RESET)
    GPIOPortM_Handler                        0x00000283   Thumb Code     0  startup.o(RESET)
    GPIOPortN_Handler                        0x00000283   Thumb Code     0  startup.o(RESET)
    GPIOPortP1_Handler                       0x00000283   Thumb Code     0  startup.o(RESET)
    GPIOPortP2_Handler                       0x00000283   Thumb Code     0  startup.o(RESET)
    GPIOPortP3_Handler                       0x00000283   Thumb Code     0  startup.o(RESET)
    GPIOPortP4_Handler                       0x00000283   Thumb Code     0  startup.o(RESET)
    GPIOPortP5_Handler                       0x00000283   Thumb Code     0  startup.o(RESET)
    GPIOPortP6_Handler                       0x00000283   Thumb Code     0  startup.o(RESET)
    GPIOPortP7_Handler                       0x00000283   Thumb Code     0  startup.o(RESET)
    GPIOPortP_Handler                        0x00000283   Thumb Code     0  startup.o(RESET)
    GPIOPortQ1_Handler                       0x00000283   Thumb Code     0  startup.o(RESET)
    GPIOPortQ2_Handler                       0x00000283   Thumb Code     0  startup.o(RESET)
    GPIOPortQ3_Handler                       0x00000283   Thumb Code     0  startup.o(RESET)
    GPIOPortQ4_Handler                       0x00000283   Thumb Code     0  startup.o(RESET)
    GPIOPortQ5_Handler                       0x00000283   Thumb Code     0  startup.o(RESET)
    GPIOPortQ6_Handler                       0x00000283   Thumb Code     0  startup.o(RESET)
    GPIOPortQ7_Handler                       0x00000283   Thumb Code     0  startup.o(RESET)
    GPIOPortQ_Handler                        0x00000283   Thumb Code     0  startup.o(RESET)
    GPIOPortR_Handler                        0x00000283   Thumb Code     0  startup.o(RESET)
    GPIOPortS_Handler                        0x00000283   Thumb Code     0  startup.o(RESET)
    Hibernate_Handler                        0x00000283   Thumb Code     0  startup.o(RESET)
    I2C0_Handler                             0x00000283   Thumb Code     0  startup.o(RESET)
    I2C1_Handler                             0x00000283   Thumb Code     0  startup.o(RESET)
    I2C2_Handler                             0x00000283   Thumb Code     0  startup.o(RESET)
    I2C3_Handler                             0x00000283   Thumb Code     0  startup.o(RESET)
    I2C4_Handler                             0x00000283   Thumb Code     0  startup.o(RESET)
    I2C5_Handler                             0x00000283   Thumb Code     0  startup.o(RESET)
    I2S0_Handler                             0x00000283   Thumb Code     0  startup.o(RESET)
    LPC0_Handler                             0x00000283   Thumb Code     0  startup.o(RESET)
    PECI0_Handler                            0x00000283   Thumb Code     0  startup.o(RESET)
    PWM0Fault_Handler                        0x00000283   Thumb Code     0  startup.o(RESET)
    PWM0Generator0_Handler                   0x00000283   Thumb Code     0  startup.o(RESET)
    PWM0Generator1_Handler                   0x00000283   Thumb Code     0  startup.o(RESET)
    PWM0Generator2_Handler                   0x00000283   Thumb Code     0  startup.o(RESET)
    PWM0Generator3_Handler                   0x00000283   Thumb Code     0  startup.o(RESET)
    PWM1Fault_Handler                        0x00000283   Thumb Code     0  startup.o(RESET)
    PWM1Generator0_Handler                   0x00000283   Thumb Code     0  startup.o(RESET)
    PWM1Generator1_Handler                   0x00000283   Thumb Code     0  startup.o(RESET)
    PWM1Generator2_Handler                   0x00000283   Thumb Code     0  startup.o(RESET)
    PWM1Generator3_Handler                   0x00000283   Thumb Code     0  startup.o(RESET)
    Quadrature0_Handler                      0x00000283   Thumb Code     0  startup.o(RESET)
    Quadrature1_Handler                      0x00000283   Thumb Code     0  startup.o(RESET)
    Quadrature2_Handler                      0x00000283   Thumb Code     0  startup.o(RESET)
    SSI0_Handler                             0x00000283   Thumb Code     0  startup.o(RESET)
    SSI1_Handler                             0x00000283   Thumb Code     0  startup.o(RESET)
    SSI2_Handler                             0x00000283   Thumb Code     0  startup.o(RESET)
    SSI3_Handler                             0x00000283   Thumb Code     0  startup.o(RESET)
    SysCtl_Handler                           0x00000283   Thumb Code     0  startup.o(RESET)
    Timer0A_Handler                          0x00000283   Thumb Code     0  startup.o(RESET)
    Timer0B_Handler                          0x00000283   Thumb Code     0  startup.o(RESET)
    Timer1A_Handler                          0x00000283   Thumb Code     0  startup.o(RESET)
    Timer1B_Handler                          0x00000283   Thumb Code     0  startup.o(RESET)
    Timer2A_Handler                          0x00000283   Thumb Code     0  startup.o(RESET)
    Timer2B_Handler                          0x00000283   Thumb Code     0  startup.o(RESET)
    Timer3A_Handler                          0x00000283   Thumb Code     0  startup.o(RESET)
    Timer3B_Handler                          0x00000283   Thumb Code     0  startup.o(RESET)
    Timer4A_Handler                          0x00000283   Thumb Code     0  startup.o(RESET)
    Timer4B_Handler                          0x00000283   Thumb Code     0  startup.o(RESET)
    Timer5A_Handler                          0x00000283   Thumb Code     0  startup.o(RESET)
    Timer5B_Handler                          0x00000283   Thumb Code     0  startup.o(RESET)
    UART2_Handler                            0x00000283   Thumb Code     0  startup.o(RESET)
    UART3_Handler                            0x00000283   Thumb Code     0  startup.o(RESET)
    UART4_Handler                            0x00000283   Thumb Code     0  startup.o(RESET)
    UART5_Handler                            0x00000283   Thumb Code     0  startup.o(RESET)
    UART6_Handler                            0x00000283   Thumb Code     0  startup.o(RESET)
    UART7_Handler                            0x00000283   Thumb Code     0  startup.o(RESET)
    USB0_Handler                             0x00000283   Thumb Code     0  startup.o(RESET)
    WDT_Handler                              0x00000283   Thumb Code     0  startup.o(RESET)
    WideTimer0A_Handler                      0x00000283   Thumb Code     0  startup.o(RESET)
    WideTimer0B_Handler                      0x00000283   Thumb Code     0  startup.o(RESET)
    WideTimer1A_Handler                      0x00000283   Thumb Code     0  startup.o(RESET)
    WideTimer1B_Handler                      0x00000283   Thumb Code     0  startup.o(RESET)
    WideTimer2A_Handler                      0x00000283   Thumb Code     0  startup.o(RESET)
    WideTimer2B_Handler                      0x00000283   Thumb Code     0  startup.o(RESET)
    WideTimer3A_Handler                      0x00000283   Thumb Code     0  startup.o(RESET)
    WideTimer3B_Handler                      0x00000283   Thumb Code     0  startup.o(RESET)
    WideTimer4A_Handler                      0x00000283   Thumb Code     0  startup.o(RESET)
    WideTimer4B_Handler                      0x00000283   Thumb Code     0  startup.o(RESET)
    WideTimer5A_Handler                      0x00000283   Thumb Code     0  startup.o(RESET)
    WideTimer5B_Handler                      0x00000283   Thumb Code     0  startup.o(RESET)
    uDMA_Error                               0x00000283   Thumb Code     0  startup.o(RESET)
    uDMA_Handler                             0x00000283   Thumb Code     0  startup.o(RESET)
    __main                                   0x00000285   Thumb Code     0  entry.o(.ARM.Collect$$$$00000000)
    _main_stk                                0x00000285   Thumb Code     0  entry2.o(.ARM.Collect$$$$00000001)
    _main_scatterload                        0x00000289   Thumb Code     0  entry5.o(.ARM.Collect$$$$00000004)
    __main_after_scatterload                 0x0000028d   Thumb Code     0  entry5.o(.ARM.Collect$$$$00000004)
    _main_clock                              0x0000028d   Thumb Code     0  entry7b.o(.ARM.Collect$$$$00000008)
    _main_cpp_init                           0x0000028d   Thumb Code     0  entry8b.o(.ARM.Collect$$$$0000000A)
    _main_init                               0x0000028d   Thumb Code     0  entry9a.o(.ARM.Collect$$$$0000000B)
    __rt_final_cpp                           0x00000295   Thumb Code     0  entry10a.o(.ARM.Collect$$$$0000000D)
    __rt_final_exit                          0x00000295   Thumb Code     0  entry11a.o(.ARM.Collect$$$$0000000F)
    DisableInterrupts                        0x00000299   Thumb Code     0  startup.o(.text)
    EnableInterrupts                         0x0000029d   Thumb Code     0  startup.o(.text)
    StartCritical                            0x000002a1   Thumb Code     0  startup.o(.text)
    EndCritical                              0x000002a9   Thumb Code     0  startup.o(.text)
    WaitForInterrupt                         0x000002af   Thumb Code     0  startup.o(.text)
    strcpy                                   0x000002b5   Thumb Code    18  strcpy.o(.text)
    __aeabi_uidiv                            0x000002c7   Thumb Code     0  uidiv.o(.text)
    __aeabi_uidivmod                         0x000002c7   Thumb Code    44  uidiv.o(.text)
    __aeabi_uldivmod                         0x000002f3   Thumb Code    98  uldiv.o(.text)
    __I$use$fp                               0x00000355   Thumb Code     0  iusefp.o(.text)
    __aeabi_dadd                             0x00000355   Thumb Code   322  dadd.o(.text)
    __aeabi_dsub                             0x00000497   Thumb Code     6  dadd.o(.text)
    __aeabi_drsub                            0x0000049d   Thumb Code     6  dadd.o(.text)
    __aeabi_dmul                             0x000004a3   Thumb Code   228  dmul.o(.text)
    __aeabi_ddiv                             0x00000587   Thumb Code   222  ddiv.o(.text)
    __aeabi_d2ulz                            0x00000665   Thumb Code    48  dfixul.o(.text)
    __aeabi_cdrcmple                         0x00000695   Thumb Code    48  cdrcmple.o(.text)
    __scatterload                            0x000006c5   Thumb Code    28  init.o(.text)
    __scatterload_rt2                        0x000006c5   Thumb Code     0  init.o(.text)
    __aeabi_llsl                             0x000006e9   Thumb Code    30  llshl.o(.text)
    _ll_shift_l                              0x000006e9   Thumb Code     0  llshl.o(.text)
    __aeabi_llsr                             0x00000707   Thumb Code    32  llushr.o(.text)
    _ll_ushift_r                             0x00000707   Thumb Code     0  llushr.o(.text)
    __aeabi_lasr                             0x00000727   Thumb Code    36  llsshr.o(.text)
    _ll_sshift_r                             0x00000727   Thumb Code     0  llsshr.o(.text)
    _double_round                            0x0000074b   Thumb Code    30  depilogue.o(.text)
    _double_epilogue                         0x00000769   Thumb Code   156  depilogue.o(.text)
    ATsend                                   0x00000805   Thumb Code   104  hc05.o(.text.ATsend)
    Board_Input                              0x0000086d   Thumb Code    30  led.o(.text.Board_Input)
    DelayMs                                  0x0000088d   Thumb Code    46  hc05.o(.text.DelayMs)
    DelayMsSearching                         0x000008bd   Thumb Code    64  hc05.o(.text.DelayMsSearching)
    HC05FIFOtoBuffer                         0x000008fd   Thumb Code   122  hc05.o(.text.HC05FIFOtoBuffer)
    HC05_EnableRXInterrupt                   0x00000979   Thumb Code    14  hc05.o(.text.HC05_EnableRXInterrupt)
    HC05_Init                                0x00000989   Thumb Code    48  hc05.o(.text.HC05_Init)
    HC05_InitUART                            0x000009b9   Thumb Code   300  hc05.o(.text.HC05_InitUART)
    HC05_PrintChar                           0x00000ae5   Thumb Code    56  hc05.o(.text.HC05_PrintChar)
    HC05config                               0x00000b1d   Thumb Code   666  hc05.o(.text.HC05config)
    LED_Blueoff                              0x00000db9   Thumb Code    14  led.o(.text.LED_Blueoff)
    LED_Blueon                               0x00000dc9   Thumb Code    14  led.o(.text.LED_Blueon)
    LED_Init                                 0x00000dd9   Thumb Code   144  led.o(.text.LED_Init)
    LED_RedOff                               0x00000e69   Thumb Code    14  led.o(.text.LED_RedOff)
    Output_Init                              0x00000e79   Thumb Code     8  uart.o(.text.Output_Init)
    PLL_Init                                 0x00000e81   Thumb Code   138  pll.o(.text.PLL_Init)
    RxFifo_Init                              0x00000f0d   Thumb Code    42  uart.o(.text.RxFifo_Init)
    RxFifo_Put                               0x00000f39   Thumb Code    86  uart.o(.text.RxFifo_Put)
    RxFifo_Size                              0x00000f91   Thumb Code    26  uart.o(.text.RxFifo_Size)
    SearchCheck                              0x00000fad   Thumb Code   142  hc05.o(.text.SearchCheck)
    SearchStart                              0x0000103d   Thumb Code    58  hc05.o(.text.SearchStart)
    TxFifo_Get                               0x00001079   Thumb Code    82  uart.o(.text.TxFifo_Get)
    TxFifo_Init                              0x000010cd   Thumb Code    42  uart.o(.text.TxFifo_Init)
    TxFifo_Put                               0x000010f9   Thumb Code    86  uart.o(.text.TxFifo_Put)
    TxFifo_Size                              0x00001151   Thumb Code    26  uart.o(.text.TxFifo_Size)
    UART0_Handler                            0x0000116d   Thumb Code   138  uart.o(.text.UART0_Handler)
    UART1_Handler                            0x000011f9   Thumb Code    76  hc05.o(.text.UART1_Handler)
    UART_Init                                0x00001245   Thumb Code   234  uart.o(.text.UART_Init)
    UART_OutChar                             0x00001331   Thumb Code    60  uart.o(.text.UART_OutChar)
    UART_OutCharNonBlock                     0x0000136d   Thumb Code    60  uart.o(.text.UART_OutCharNonBlock)
    UART_OutString                           0x000013a9   Thumb Code    36  uart.o(.text.UART_OutString)
    fputc                                    0x00001479   Thumb Code    22  uart.o(.text.fputc)
    lc                                       0x00001491   Thumb Code    48  hc05.o(.text.lc)
    main                                     0x000014c1   Thumb Code   284  main.o(.text.main)
    __0printf                                0x000015dd   Thumb Code    22  printfa.o(i.__0printf)
    __1printf                                0x000015dd   Thumb Code     0  printfa.o(i.__0printf)
    __2printf                                0x000015dd   Thumb Code     0  printfa.o(i.__0printf)
    __c89printf                              0x000015dd   Thumb Code     0  printfa.o(i.__0printf)
    printf                                   0x000015dd   Thumb Code     0  printfa.o(i.__0printf)
    __scatterload_copy                       0x000015fd   Thumb Code    14  handlers.o(i.__scatterload_copy)
    __scatterload_null                       0x0000160b   Thumb Code     2  handlers.o(i.__scatterload_null)
    __scatterload_zeroinit                   0x0000160d   Thumb Code    14  handlers.o(i.__scatterload_zeroinit)
    Region$$Table$$Base                      0x000021c0   Number         0  anon$$obj.o(Region$$Table)
    Region$$Table$$Limit                     0x000021e0   Number         0  anon$$obj.o(Region$$Table)
    __stdout                                 0x20000000   Data           4  stdout.o(.data)
    SearchString                             0x20000004   Data          32  hc05.o(.data.SearchString)
    RXBuffer                                 0x20000028   Data        1024  hc05.o(.bss.RXBuffer)
    RXBufferIndex                            0x20000428   Data           4  hc05.o(.bss.RXBufferIndex)
    RxGetI                                   0x2000082c   Data           4  uart.o(.bss.RxGetI)
    RxPutI                                   0x20000830   Data           4  uart.o(.bss.RxPutI)
    SearchFound                              0x20000834   Data           1  hc05.o(.bss.SearchFound)
    SearchIndex                              0x20000838   Data           4  hc05.o(.bss.SearchIndex)
    SearchLooking                            0x2000083c   Data           1  hc05.o(.bss.SearchLooking)
    TxGetI                                   0x20000c40   Data           4  uart.o(.bss.TxGetI)
    TxPutI                                   0x20000c44   Data           4  uart.o(.bss.TxPutI)
    __initial_sp                             0x20001048   Data           0  startup.o(STACK)



==============================================================================

Memory Map of the image

  Image Entry point : 0x0000026d

  Load Region LR_1 (Base: 0x00000000, Size: 0x00002204, Max: 0xffffffff, ABSOLUTE)

    Execution Region ER_RO (Exec base: 0x00000000, Load base: 0x00000000, Size: 0x000021e0, Max: 0xffffffff, ABSOLUTE)

    Exec Addr    Load Addr    Size         Type   Attr      Idx    E Section Name        Object

    0x00000000   0x00000000   0x00000284   Code   RO            3  * RESET               startup.o
    0x00000284   0x00000284   0x00000000   Code   RO          167  * .ARM.Collect$$$$00000000  mc_w.l(entry.o)
    0x00000284   0x00000284   0x00000004   Code   RO          200    .ARM.Collect$$$$00000001  mc_w.l(entry2.o)
    0x00000288   0x00000288   0x00000004   Code   RO          203    .ARM.Collect$$$$00000004  mc_w.l(entry5.o)
    0x0000028c   0x0000028c   0x00000000   Code   RO          205    .ARM.Collect$$$$00000008  mc_w.l(entry7b.o)
    0x0000028c   0x0000028c   0x00000000   Code   RO          207    .ARM.Collect$$$$0000000A  mc_w.l(entry8b.o)
    0x0000028c   0x0000028c   0x00000008   Code   RO          208    .ARM.Collect$$$$0000000B  mc_w.l(entry9a.o)
    0x00000294   0x00000294   0x00000000   Code   RO          210    .ARM.Collect$$$$0000000D  mc_w.l(entry10a.o)
    0x00000294   0x00000294   0x00000000   Code   RO          212    .ARM.Collect$$$$0000000F  mc_w.l(entry11a.o)
    0x00000294   0x00000294   0x00000004   Code   RO          201    .ARM.Collect$$$$00002712  mc_w.l(entry2.o)
    0x00000298   0x00000298   0x0000001c   Code   RO            4    .text               startup.o
    0x000002b4   0x000002b4   0x00000012   Code   RO          170    .text               mc_w.l(strcpy.o)
    0x000002c6   0x000002c6   0x0000002c   Code   RO          224    .text               mc_w.l(uidiv.o)
    0x000002f2   0x000002f2   0x00000062   Code   RO          226    .text               mc_w.l(uldiv.o)
    0x00000354   0x00000354   0x00000000   Code   RO          228    .text               mc_w.l(iusefp.o)
    0x00000354   0x00000354   0x0000014e   Code   RO          229    .text               mf_w.l(dadd.o)
    0x000004a2   0x000004a2   0x000000e4   Code   RO          231    .text               mf_w.l(dmul.o)
    0x00000586   0x00000586   0x000000de   Code   RO          233    .text               mf_w.l(ddiv.o)
    0x00000664   0x00000664   0x00000030   Code   RO          235    .text               mf_w.l(dfixul.o)
    0x00000694   0x00000694   0x00000030   Code   RO          237    .text               mf_w.l(cdrcmple.o)
    0x000006c4   0x000006c4   0x00000024   Code   RO          239    .text               mc_w.l(init.o)
    0x000006e8   0x000006e8   0x0000001e   Code   RO          241    .text               mc_w.l(llshl.o)
    0x00000706   0x00000706   0x00000020   Code   RO          243    .text               mc_w.l(llushr.o)
    0x00000726   0x00000726   0x00000024   Code   RO          245    .text               mc_w.l(llsshr.o)
    0x0000074a   0x0000074a   0x000000ba   Code   RO          247    .text               mf_w.l(depilogue.o)
    0x00000804   0x00000804   0x00000068   Code   RO          145    .text.ATsend        hc05.o
    0x0000086c   0x0000086c   0x0000001e   Code   RO           96    .text.Board_Input   led.o
    0x0000088a   0x0000088a   0x00000002   PAD
    0x0000088c   0x0000088c   0x0000002e   Code   RO          141    .text.DelayMs       hc05.o
    0x000008ba   0x000008ba   0x00000002   PAD
    0x000008bc   0x000008bc   0x00000040   Code   RO          143    .text.DelayMsSearching  hc05.o
    0x000008fc   0x000008fc   0x0000007a   Code   RO          133    .text.HC05FIFOtoBuffer  hc05.o
    0x00000976   0x00000976   0x00000002   PAD
    0x00000978   0x00000978   0x0000000e   Code   RO          135    .text.HC05_EnableRXInterrupt  hc05.o
    0x00000986   0x00000986   0x00000002   PAD
    0x00000988   0x00000988   0x00000030   Code   RO          149    .text.HC05_Init     hc05.o
    0x000009b8   0x000009b8   0x0000012c   Code   RO          129    .text.HC05_InitUART  hc05.o
    0x00000ae4   0x00000ae4   0x00000038   Code   RO          139    .text.HC05_PrintChar  hc05.o
    0x00000b1c   0x00000b1c   0x0000029a   Code   RO          147    .text.HC05config    hc05.o
    0x00000db6   0x00000db6   0x00000002   PAD
    0x00000db8   0x00000db8   0x0000000e   Code   RO          108    .text.LED_Blueoff   led.o
    0x00000dc6   0x00000dc6   0x00000002   PAD
    0x00000dc8   0x00000dc8   0x0000000e   Code   RO          106    .text.LED_Blueon    led.o
    0x00000dd6   0x00000dd6   0x00000002   PAD
    0x00000dd8   0x00000dd8   0x00000090   Code   RO           94    .text.LED_Init      led.o
    0x00000e68   0x00000e68   0x0000000e   Code   RO          100    .text.LED_RedOff    led.o
    0x00000e76   0x00000e76   0x00000002   PAD
    0x00000e78   0x00000e78   0x00000008   Code   RO           79    .text.Output_Init   uart.o
    0x00000e80   0x00000e80   0x0000008a   Code   RO           23    .text.PLL_Init      pll.o
    0x00000f0a   0x00000f0a   0x00000002   PAD
    0x00000f0c   0x00000f0c   0x0000002a   Code   RO           31    .text.RxFifo_Init   uart.o
    0x00000f36   0x00000f36   0x00000002   PAD
    0x00000f38   0x00000f38   0x00000056   Code   RO           33    .text.RxFifo_Put    uart.o
    0x00000f8e   0x00000f8e   0x00000002   PAD
    0x00000f90   0x00000f90   0x0000001a   Code   RO           37    .text.RxFifo_Size   uart.o
    0x00000faa   0x00000faa   0x00000002   PAD
    0x00000fac   0x00000fac   0x0000008e   Code   RO          127    .text.SearchCheck   hc05.o
    0x0000103a   0x0000103a   0x00000002   PAD
    0x0000103c   0x0000103c   0x0000003a   Code   RO          125    .text.SearchStart   hc05.o
    0x00001076   0x00001076   0x00000002   PAD
    0x00001078   0x00001078   0x00000052   Code   RO           43    .text.TxFifo_Get    uart.o
    0x000010ca   0x000010ca   0x00000002   PAD
    0x000010cc   0x000010cc   0x0000002a   Code   RO           39    .text.TxFifo_Init   uart.o
    0x000010f6   0x000010f6   0x00000002   PAD
    0x000010f8   0x000010f8   0x00000056   Code   RO           41    .text.TxFifo_Put    uart.o
    0x0000114e   0x0000114e   0x00000002   PAD
    0x00001150   0x00001150   0x0000001a   Code   RO           45    .text.TxFifo_Size   uart.o
    0x0000116a   0x0000116a   0x00000002   PAD
    0x0000116c   0x0000116c   0x0000008a   Code   RO           61    .text.UART0_Handler  uart.o
    0x000011f6   0x000011f6   0x00000002   PAD
    0x000011f8   0x000011f8   0x0000004c   Code   RO          131    .text.UART1_Handler  hc05.o
    0x00001244   0x00001244   0x000000ea   Code   RO           47    .text.UART_Init     uart.o
    0x0000132e   0x0000132e   0x00000002   PAD
    0x00001330   0x00001330   0x0000003c   Code   RO           55    .text.UART_OutChar  uart.o
    0x0000136c   0x0000136c   0x0000003c   Code   RO           59    .text.UART_OutCharNonBlock  uart.o
    0x000013a8   0x000013a8   0x00000024   Code   RO           65    .text.UART_OutString  uart.o
    0x000013cc   0x000013cc   0x00000056   Code   RO           63    .text.copyHardwareToSoftware  uart.o
    0x00001422   0x00001422   0x00000002   PAD
    0x00001424   0x00001424   0x00000052   Code   RO           57    .text.copySoftwareToHardware  uart.o
    0x00001476   0x00001476   0x00000002   PAD
    0x00001478   0x00001478   0x00000016   Code   RO           77    .text.fputc         uart.o
    0x0000148e   0x0000148e   0x00000002   PAD
    0x00001490   0x00001490   0x00000030   Code   RO          123    .text.lc            hc05.o
    0x000014c0   0x000014c0   0x0000011c   Code   RO           13    .text.main          main.o
    0x000015dc   0x000015dc   0x00000020   Code   RO          173    i.__0printf         mc_w.l(printfa.o)
    0x000015fc   0x000015fc   0x0000000e   Code   RO          251    i.__scatterload_copy  mc_w.l(handlers.o)
    0x0000160a   0x0000160a   0x00000002   Code   RO          252    i.__scatterload_null  mc_w.l(handlers.o)
    0x0000160c   0x0000160c   0x0000000e   Code   RO          253    i.__scatterload_zeroinit  mc_w.l(handlers.o)
    0x0000161a   0x0000161a   0x00000002   PAD
    0x0000161c   0x0000161c   0x00000184   Code   RO          180    i._fp_digits        mc_w.l(printfa.o)
    0x000017a0   0x000017a0   0x000006dc   Code   RO          181    i._printf_core      mc_w.l(printfa.o)
    0x00001e7c   0x00001e7c   0x00000024   Code   RO          182    i._printf_post_padding  mc_w.l(printfa.o)
    0x00001ea0   0x00001ea0   0x0000002e   Code   RO          183    i._printf_pre_padding  mc_w.l(printfa.o)
    0x00001ece   0x00001ece   0x000000fa   Data   RO           15    .rodata.str1.1      main.o
    0x00001fc8   0x00001fc8   0x000001f7   Data   RO          158    .rodata.str1.1      hc05.o
    0x000021bf   0x000021bf   0x00000001   PAD
    0x000021c0   0x000021c0   0x00000020   Data   RO          250    Region$$Table       anon$$obj.o


    Execution Region ER_RW (Exec base: 0x20000000, Load base: 0x000021e0, Size: 0x00000024, Max: 0xffffffff, ABSOLUTE)

    Exec Addr    Load Addr    Size         Type   Attr      Idx    E Section Name        Object

    0x20000000   0x000021e0   0x00000004   Data   RW          214    .data               mc_w.l(stdout.o)
    0x20000004   0x000021e4   0x00000020   Data   RW          154    .data.SearchString  hc05.o


    Execution Region ER_ZI (Exec base: 0x20000028, Load base: 0x00002204, Size: 0x00001020, Max: 0xffffffff, ABSOLUTE)

    Exec Addr    Load Addr    Size         Type   Attr      Idx    E Section Name        Object

    0x20000028        -       0x00000400   Zero   RW          159    .bss.RXBuffer       hc05.o
    0x20000428        -       0x00000004   Zero   RW          151    .bss.RXBufferIndex  hc05.o
    0x2000042c        -       0x00000400   Zero   RW           83    .bss.RxFifo         uart.o
    0x2000082c        -       0x00000004   Zero   RW           81    .bss.RxGetI         uart.o
    0x20000830        -       0x00000004   Zero   RW           82    .bss.RxPutI         uart.o
    0x20000834        -       0x00000001   Zero   RW          156    .bss.SearchFound    hc05.o
    0x20000835   0x00002204   0x00000003   PAD
    0x20000838        -       0x00000004   Zero   RW          157    .bss.SearchIndex    hc05.o
    0x2000083c        -       0x00000001   Zero   RW          155    .bss.SearchLooking  hc05.o
    0x2000083d        -       0x00000400   Zero   RW           86    .bss.TxFifo         uart.o
    0x20000c3d   0x00002204   0x00000003   PAD
    0x20000c40        -       0x00000004   Zero   RW           84    .bss.TxGetI         uart.o
    0x20000c44        -       0x00000004   Zero   RW           85    .bss.TxPutI         uart.o
    0x20000c48        -       0x00000400   Zero   RW            1    STACK               startup.o


==============================================================================

Image component sizes


      Code (inc. data)   RO Data    RW Data    ZI Data      Debug   Object Name

      1744          0        503         32       1034       3954   hc05.o
       216          0          0          0          0       1379   led.o
       284          0        250          0          0        962   main.o
       138          0          0          0          0        594   pll.o
       672        622          0          0       1024       1068   startup.o
      1116          0          0          0       2064       4957   uart.o

    ----------------------------------------------------------------------
      4216        622        786         32       4128      12914   Object Totals
         0          0         32          0          0          0   (incl. Generated)
        46          0          1          0          6          0   (incl. Padding)

    ----------------------------------------------------------------------

      Code (inc. data)   RO Data    RW Data    ZI Data      Debug   Library Member Name

         0          0          0          0          0          0   entry.o
         0          0          0          0          0          0   entry10a.o
         0          0          0          0          0          0   entry11a.o
         8          4          0          0          0          0   entry2.o
         4          0          0          0          0          0   entry5.o
         0          0          0          0          0          0   entry7b.o
         0          0          0          0          0          0   entry8b.o
         8          4          0          0          0          0   entry9a.o
        30          0          0          0          0          0   handlers.o
        36          8          0          0          0         68   init.o
         0          0          0          0          0          0   iusefp.o
        30          0          0          0          0         68   llshl.o
        36          0          0          0          0         68   llsshr.o
        32          0          0          0          0         68   llushr.o
      2258         90          0          0          0        452   printfa.o
         0          0          0          4          0          0   stdout.o
        18          0          0          0          0         68   strcpy.o
        44          0          0          0          0         80   uidiv.o
        98          0          0          0          0         92   uldiv.o
        48          0          0          0          0         68   cdrcmple.o
       334          0          0          0          0        148   dadd.o
       222          0          0          0          0        100   ddiv.o
       186          0          0          0          0        176   depilogue.o
        48          0          0          0          0         68   dfixul.o
       228          0          0          0          0         96   dmul.o

    ----------------------------------------------------------------------
      3670        106          0          4          0       1620   Library Totals
         2          0          0          0          0          0   (incl. Padding)

    ----------------------------------------------------------------------

      Code (inc. data)   RO Data    RW Data    ZI Data      Debug   Library Name

      2602        106          0          4          0        964   mc_w.l
      1066          0          0          0          0        656   mf_w.l

    ----------------------------------------------------------------------
      3670        106          0          4          0       1620   Library Totals

    ----------------------------------------------------------------------

==============================================================================


      Code (inc. data)   RO Data    RW Data    ZI Data      Debug   

      7886        728        786         36       4128      13826   Grand Totals
      7886        728        786         36       4128      13826   ELF Image Totals
      7886        728        786         36          0          0   ROM Totals

==============================================================================

    Total RO  Size (Code + RO Data)                 8672 (   8.47kB)
    Total RW  Size (RW Data + ZI Data)              4164 (   4.07kB)
    Total ROM Size (Code + RO Data + RW Data)       8708 (   8.50kB)

==============================================================================

