Component: Arm Compiler for Embedded 6.19 Tool: armlink [5e73cb00]

==============================================================================

Section Cross References

    startup.o(RESET) refers to startup.o(STACK) for StackMem
    startup.o(RESET) refers to pa6.o(.text.SysTick_Handler) for SysTick_Handler
    startup.o(RESET) refers to uart.o(.text.UART0_Handler) for UART0_Handler
    startup.o(RESET) refers to hc05.o(.text.UART1_Handler) for UART1_Handler
    startup.o(RESET) refers to entry.o(.ARM.Collect$$$$00000000) for __main
    pll.o(.ARM.exidx.text.PLL_Init) refers to pll.o(.text.PLL_Init) for [Anonymous Symbol]
    st7735.o(.ARM.exidx.text.Delay1ms) refers to st7735.o(.text.Delay1ms) for [Anonymous Symbol]
    st7735.o(.text.ST7735_InitB) refers to st7735.o(.rodata.Bcmd) for Bcmd
    st7735.o(.text.ST7735_InitB) refers to st7735.o(.text.commonInit) for commonInit
    st7735.o(.text.ST7735_InitB) refers to st7735.o(.text.ST7735_SetCursor) for ST7735_SetCursor
    st7735.o(.text.ST7735_InitB) refers to st7735.o(.data.StTextColor) for StTextColor
    st7735.o(.text.ST7735_InitB) refers to st7735.o(.text.ST7735_FillScreen) for ST7735_FillScreen
    st7735.o(.ARM.exidx.text.ST7735_InitB) refers to st7735.o(.text.ST7735_InitB) for [Anonymous Symbol]
    st7735.o(.text.commonInit) refers to st7735.o(.bss.RowStart) for RowStart
    st7735.o(.text.commonInit) refers to st7735.o(.bss.ColStart) for ColStart
    st7735.o(.text.commonInit) refers to st7735.o(.text.Delay1ms) for Delay1ms
    st7735.o(.text.commonInit) refers to st7735.o(.text.commandList) for commandList
    st7735.o(.ARM.exidx.text.commonInit) refers to st7735.o(.text.commonInit) for [Anonymous Symbol]
    st7735.o(.text.ST7735_SetCursor) refers to st7735.o(.bss.StX) for StX
    st7735.o(.text.ST7735_SetCursor) refers to st7735.o(.bss.StY) for StY
    st7735.o(.ARM.exidx.text.ST7735_SetCursor) refers to st7735.o(.text.ST7735_SetCursor) for [Anonymous Symbol]
    st7735.o(.text.ST7735_FillScreen) refers to st7735.o(.data._width) for _width
    st7735.o(.text.ST7735_FillScreen) refers to st7735.o(.data._height) for _height
    st7735.o(.text.ST7735_FillScreen) refers to st7735.o(.text.ST7735_FillRect) for ST7735_FillRect
    st7735.o(.ARM.exidx.text.ST7735_FillScreen) refers to st7735.o(.text.ST7735_FillScreen) for [Anonymous Symbol]
    st7735.o(.text.ST7735_InitR) refers to st7735.o(.rodata.Rcmd1) for Rcmd1
    st7735.o(.text.ST7735_InitR) refers to st7735.o(.text.commonInit) for commonInit
    st7735.o(.text.ST7735_InitR) refers to st7735.o(.rodata.Rcmd2green) for Rcmd2green
    st7735.o(.text.ST7735_InitR) refers to st7735.o(.text.commandList) for commandList
    st7735.o(.text.ST7735_InitR) refers to st7735.o(.bss.ColStart) for ColStart
    st7735.o(.text.ST7735_InitR) refers to st7735.o(.bss.RowStart) for RowStart
    st7735.o(.text.ST7735_InitR) refers to st7735.o(.rodata.Rcmd2red) for Rcmd2red
    st7735.o(.text.ST7735_InitR) refers to st7735.o(.rodata.Rcmd3) for Rcmd3
    st7735.o(.text.ST7735_InitR) refers to st7735.o(.text.writecommand) for writecommand
    st7735.o(.text.ST7735_InitR) refers to st7735.o(.text.writedata) for writedata
    st7735.o(.text.ST7735_InitR) refers to st7735.o(.bss.TabColor) for TabColor
    st7735.o(.text.ST7735_InitR) refers to st7735.o(.text.ST7735_SetCursor) for ST7735_SetCursor
    st7735.o(.text.ST7735_InitR) refers to st7735.o(.data.StTextColor) for StTextColor
    st7735.o(.text.ST7735_InitR) refers to st7735.o(.text.ST7735_FillScreen) for ST7735_FillScreen
    st7735.o(.ARM.exidx.text.ST7735_InitR) refers to st7735.o(.text.ST7735_InitR) for [Anonymous Symbol]
    st7735.o(.text.commandList) refers to st7735.o(.text.writecommand) for writecommand
    st7735.o(.text.commandList) refers to st7735.o(.text.writedata) for writedata
    st7735.o(.text.commandList) refers to st7735.o(.text.Delay1ms) for Delay1ms
    st7735.o(.ARM.exidx.text.commandList) refers to st7735.o(.text.commandList) for [Anonymous Symbol]
    st7735.o(.ARM.exidx.text.writecommand) refers to st7735.o(.text.writecommand) for [Anonymous Symbol]
    st7735.o(.ARM.exidx.text.writedata) refers to st7735.o(.text.writedata) for [Anonymous Symbol]
    st7735.o(.text.ST7735_DrawPixel) refers to st7735.o(.data._width) for _width
    st7735.o(.text.ST7735_DrawPixel) refers to st7735.o(.data._height) for _height
    st7735.o(.text.ST7735_DrawPixel) refers to st7735.o(.text.setAddrWindow) for setAddrWindow
    st7735.o(.text.ST7735_DrawPixel) refers to st7735.o(.text.pushColor) for pushColor
    st7735.o(.ARM.exidx.text.ST7735_DrawPixel) refers to st7735.o(.text.ST7735_DrawPixel) for [Anonymous Symbol]
    st7735.o(.text.setAddrWindow) refers to st7735.o(.text.writecommand) for writecommand
    st7735.o(.text.setAddrWindow) refers to st7735.o(.text.writedata) for writedata
    st7735.o(.text.setAddrWindow) refers to st7735.o(.bss.ColStart) for ColStart
    st7735.o(.text.setAddrWindow) refers to st7735.o(.bss.RowStart) for RowStart
[...]
    st7735.o(.text.ST7735_OutChar) refers to st7735.o(.text.ST7735_DrawCharS) for ST7735_DrawCharS
    st7735.o(.ARM.exidx.text.ST7735_OutChar) refers to st7735.o(.text.ST7735_OutChar) for [Anonymous Symbol]
    st7735.o(.text.ST7735_OutString) refers to st7735.o(.text.ST7735_OutChar) for ST7735_OutChar
    st7735.o(.ARM.exidx.text.ST7735_OutString) refers to st7735.o(.text.ST7735_OutString) for [Anonymous Symbol]
    st7735.o(.text.ST7735_SetTextColor) refers to st7735.o(.data.StTextColor) for StTextColor
    st7735.o(.ARM.exidx.text.ST7735_SetTextColor) refers to st7735.o(.text.ST7735_SetTextColor) for [Anonymous Symbol]
    st7735.o(.text.fputc) refers to st7735.o(.text.ST7735_OutChar) for ST7735_OutChar
    st7735.o(.ARM.exidx.text.fputc) refers to st7735.o(.text.fputc) for [Anonymous Symbol]
    st7735.o(.ARM.exidx.text.fgetc) refers to st7735.o(.text.fgetc) for [Anonymous Symbol]
    st7735.o(.ARM.exidx.text.ferror) refers to st7735.o(.text.ferror) for [Anonymous Symbol]
    st7735.o(.text.Output_Init) refers to st7735.o(.text.ST7735_InitR) for ST7735_InitR
    st7735.o(.text.Output_Init) refers to st7735.o(.text.ST7735_FillScreen) for ST7735_FillScreen
    st7735.o(.ARM.exidx.text.Output_Init) refers to st7735.o(.text.Output_Init) for [Anonymous Symbol]
    st7735.o(.text.Output_Clear) refers to st7735.o(.text.ST7735_FillScreen) for ST7735_FillScreen
    st7735.o(.ARM.exidx.text.Output_Clear) refers to st7735.o(.text.Output_Clear) for [Anonymous Symbol]
    st7735.o(.text.Output_Off) refers to st7735.o(.text.Output_Clear) for Output_Clear
    st7735.o(.ARM.exidx.text.Output_Off) refers to st7735.o(.text.Output_Off) for [Anonymous Symbol]
    st7735.o(.text.Output_On) refers to st7735.o(.text.Output_Init) for Output_Init
    st7735.o(.ARM.exidx.text.Output_On) refers to st7735.o(.text.Output_On) for [Anonymous Symbol]
    st7735.o(.text.Output_Color) refers to st7735.o(.text.ST7735_SetTextColor) for ST7735_SetTextColor
    st7735.o(.ARM.exidx.text.Output_Color) refers to st7735.o(.text.Output_Color) for [Anonymous Symbol]
    fixed.o(.text.ST7735_sDecOut3) refers to fixed.o(.rodata.str1.1) for .L.str
    fixed.o(.text.ST7735_sDecOut3) refers to st7735.o(.text.ST7735_OutString) for ST7735_OutString
    fixed.o(.text.ST7735_sDecOut3) refers to st7735.o(.text.ST7735_OutChar) for ST7735_OutChar
    fixed.o(.ARM.exidx.text.ST7735_sDecOut3) refers to fixed.o(.text.ST7735_sDecOut3) for [Anonymous Symbol]
    fixed.o(.text.ST7735_uBinOut8) refers to fixed.o(.rodata.str1.1) for .L.str.1
    fixed.o(.text.ST7735_uBinOut8) refers to st7735.o(.text.ST7735_OutString) for ST7735_OutString
    fixed.o(.text.ST7735_uBinOut8) refers to st7735.o(.text.ST7735_OutChar) for ST7735_OutChar
    fixed.o(.ARM.exidx.text.ST7735_uBinOut8) refers to fixed.o(.text.ST7735_uBinOut8) for [Anonymous Symbol]
    fixed.o(.text.ST7735_XYplotInit) refers to st7735.o(.text.ST7735_PlotClear) for ST7735_PlotClear
    fixed.o(.text.ST7735_XYplotInit) refers to st7735.o(.text.ST7735_FillScreen) for ST7735_FillScreen
    fixed.o(.text.ST7735_XYplotInit) refers to st7735.o(.text.ST7735_SetCursor) for ST7735_SetCursor
    fixed.o(.text.ST7735_XYplotInit) refers to st7735.o(.text.ST7735_DrawString) for ST7735_DrawString
    fixed.o(.text.ST7735_XYplotInit) refers to fixed.o(.bss.xMin) for xMin
    fixed.o(.text.ST7735_XYplotInit) refers to fixed.o(.bss.xMax) for xMax
    fixed.o(.text.ST7735_XYplotInit) refers to fixed.o(.bss.yMin) for yMin
    fixed.o(.text.ST7735_XYplotInit) refers to fixed.o(.bss.yMax) for yMax
    fixed.o(.ARM.exidx.text.ST7735_XYplotInit) refers to fixed.o(.text.ST7735_XYplotInit) for [Anonymous Symbol]
    fixed.o(.text.ST7735_XYplot) refers to fixed.o(.bss.xMin) for xMin
    fixed.o(.text.ST7735_XYplot) refers to fixed.o(.bss.xMax) for xMax
    fixed.o(.text.ST7735_XYplot) refers to fixed.o(.bss.yMin) for yMin
    fixed.o(.text.ST7735_XYplot) refers to fixed.o(.bss.yMax) for yMax
    fixed.o(.text.ST7735_XYplot) refers to st7735.o(.text.ST7735_DrawPixel) for ST7735_DrawPixel
    fixed.o(.ARM.exidx.text.ST7735_XYplot) refers to fixed.o(.text.ST7735_XYplot) for [Anonymous Symbol]
    pa6.o(.text.Pause) refers to pa6.o(.text.DelayWait10ms) for DelayWait10ms
    pa6.o(.ARM.exidx.text.Pause) refers to pa6.o(.text.Pause) for [Anonymous Symbol]
    pa6.o(.ARM.exidx.text.DelayWait10ms) refers to pa6.o(.text.DelayWait10ms) for [Anonymous Symbol]
    pa6.o(.text.main) refers to startup.o(.text) for DisableInterrupts
    pa6.o(.text.main) refers to pll.o(.text.PLL_Init) for PLL_Init
    pa6.o(.text.main) refers to pa6.o(.rodata.str1.1) for .L.str
    pa6.o(.text.main) refers to printfa.o(i.__0printf) for printf
    pa6.o(.text.main) refers to hc05.o(.text.HC05_Init) for HC05_Init
    pa6.o(.text.main) refers to led.o(.text.Board_Input) for Board_Input
    pa6.o(.text.main) refers to hc05.o(.text.HC05config_slave) for HC05config_slave
    pa6.o(.text.main) refers to hc05.o(.text.DelayMs) for DelayMs
    pa6.o(.ARM.exidx.text.main) refers to pa6.o(.text.main) for [Anonymous Symbol]
    pa6.o(.ARM.exidx.text.PortF_Init) refers to pa6.o(.text.PortF_Init) for [Anonymous Symbol]
    pa6.o(.text.SysTick_Init_Interrupts) refers to pa6.o(.bss.Flag) for Flag
    pa6.o(.ARM.exidx.text.SysTick_Init_Interrupts) refers to pa6.o(.text.SysTick_Init_Interrupts) for [Anonymous Symbol]
    pa6.o(.text.Convert) refers to pa6.o(.data.Size) for Size
    pa6.o(.ARM.exidx.text.Convert) refers to pa6.o(.text.Convert) for [Anonymous Symbol]
    pa6.o(.text.SysTick_Handler) refers to adccode.o(.text.ADC0_In) for ADC0_In
    pa6.o(.text.SysTick_Handler) refers to pa6.o(.bss.ADCvalue) for ADCvalue
    pa6.o(.text.SysTick_Handler) refers to pa6.o(.text.Convert) for Convert
    pa6.o(.text.SysTick_Handler) refers to pa6.o(.bss.Distance) for Distance
    pa6.o(.text.SysTick_Handler) refers to pa6.o(.bss.Bar) for Bar
    pa6.o(.text.SysTick_Handler) refers to pa6.o(.text.ConvertDistancetostring) for ConvertDistancetostring
    pa6.o(.text.SysTick_Handler) refers to pa6.o(.bss.Flag) for Flag
    pa6.o(.ARM.exidx.text.SysTick_Handler) refers to pa6.o(.text.SysTick_Handler) for [Anonymous Symbol]
    pa6.o(.text.ConvertDistancetostring) refers to pa6.o(.bss.String) for String
    pa6.o(.ARM.exidx.text.ConvertDistancetostring) refers to pa6.o(.text.ConvertDistancetostring) for [Anonymous Symbol]
    adccode.o(.ARM.exidx.text.ADC0_InitSWTriggerSeq3_Ch1) refers to adccode.o(.text.ADC0_InitSWTriggerSeq3_Ch1) for [Anonymous Symbol]
    adccode.o(.ARM.exidx.text.ADC0_In) refers to adccode.o(.text.ADC0_In) for [Anonymous Symbol]
    hc05.o(.ARM.exidx.text.lc) refers to hc05.o(.text.lc) for [Anonymous Symbol]
    hc05.o(.text.SearchStart) refers to hc05.o(.data.SearchString) for SearchString
    hc05.o(.text.SearchStart) refers to hc05.o(.rodata.str1.1) for .L.str
    hc05.o(.text.SearchStart) refers to strcpy.o(.text) for strcpy
    hc05.o(.text.SearchStart) refers to hc05.o(.bss.SearchIndex) for SearchIndex
    hc05.o(.text.SearchStart) refers to hc05.o(.bss.SearchFound) for SearchFound
    hc05.o(.text.SearchStart) refers to hc05.o(.bss.SearchLooking) for SearchLooking
    hc05.o(.ARM.exidx.text.SearchStart) refers to hc05.o(.text.SearchStart) for [Anonymous Symbol]
    hc05.o(.text.SearchCheck) refers to hc05.o(.bss.SearchLooking) for SearchLooking
    hc05.o(.text.SearchCheck) refers to hc05.o(.bss.SearchIndex) for SearchIndex
    hc05.o(.text.SearchCheck) refers to hc05.o(.data.SearchString) for SearchString
    hc05.o(.text.SearchCheck) refers to hc05.o(.text.lc) for lc
    hc05.o(.text.SearchCheck) refers to hc05.o(.bss.SearchFound) for SearchFound
    hc05.o(.ARM.exidx.text.SearchCheck) refers to hc05.o(.text.SearchCheck) for [Anonymous Symbol]
    hc05.o(.ARM.exidx.text.HC05_InitUART) refers to hc05.o(.text.HC05_InitUART) for [Anonymous Symbol]
    hc05.o(.text.UART1_Handler) refers to hc05.o(.text.HC05FIFOtoBuffer) for HC05FIFOtoBuffer
    hc05.o(.ARM.exidx.text.UART1_Handler) refers to hc05.o(.text.UART1_Handler) for [Anonymous Symbol]
    hc05.o(.text.HC05FIFOtoBuffer) refers to uart.o(.text.UART_OutCharNonBlock) for UART_OutCharNonBlock
    hc05.o(.text.HC05FIFOtoBuffer) refers to hc05.o(.bss.RXBufferIndex) for RXBufferIndex
    hc05.o(.text.HC05FIFOtoBuffer) refers to hc05.o(.bss.RXBuffer) for RXBuffer
    hc05.o(.text.HC05FIFOtoBuffer) refers to hc05.o(.text.SearchCheck) for SearchCheck
    hc05.o(.ARM.exidx.text.HC05FIFOtoBuffer) refers to hc05.o(.text.HC05FIFOtoBuffer) for [Anonymous Symbol]
    hc05.o(.ARM.exidx.text.HC05_EnableRXInterrupt) refers to hc05.o(.text.HC05_EnableRXInterrupt) for [Anonymous Symbol]
    hc05.o(.ARM.exidx.text.HC05_DisableRXInterrupt) refers to hc05.o(.text.HC05_DisableRXInterrupt) for [Anonymous Symbol]
    hc05.o(.text.HC05_PrintChar) refers to uart.o(.text.UART_OutChar) for UART_OutChar
    hc05.o(.ARM.exidx.text.HC05_PrintChar) refers to hc05.o(.text.HC05_PrintChar) for [Anonymous Symbol]
    hc05.o(.ARM.exidx.text.DelayMs) refers to hc05.o(.text.DelayMs) for [Anonymous Symbol]
    hc05.o(.text.DelayMsSearching) refers to hc05.o(.bss.SearchFound) for SearchFound
    hc05.o(.ARM.exidx.text.DelayMsSearching) refers to hc05.o(.text.DelayMsSearching) for [Anonymous Symbol]
    hc05.o(.text.ATsend) refers to hc05.o(.rodata.str1.1) for .L.str.1
    hc05.o(.text.ATsend) refers to uart.o(.text.UART_OutString) for UART_OutString
    hc05.o(.text.ATsend) refers to hc05.o(.text.SearchStart) for SearchStart
    hc05.o(.text.ATsend) refers to hc05.o(.text.HC05_PrintChar) for HC05_PrintChar
    hc05.o(.text.ATsend) refers to hc05.o(.text.DelayMsSearching) for DelayMsSearching
    hc05.o(.text.ATsend) refers to hc05.o(.bss.SearchFound) for SearchFound
    hc05.o(.ARM.exidx.text.ATsend) refers to hc05.o(.text.ATsend) for [Anonymous Symbol]
    hc05.o(.text.HC05config_slave) refers to hc05.o(.rodata.str1.1) for .L.str.2
    hc05.o(.text.HC05config_slave) refers to hc05.o(.text.ATsend) for ATsend
    hc05.o(.text.HC05config_slave) refers to hc05.o(.bss.SearchFound) for SearchFound
    hc05.o(.text.HC05config_slave) refers to printfa.o(i.__0printf) for printf
    hc05.o(.ARM.exidx.text.HC05config_slave) refers to hc05.o(.text.HC05config_slave) for [Anonymous Symbol]
    hc05.o(.text.HC05config_master) refers to hc05.o(.rodata.str1.1) for .L.str.2
    hc05.o(.text.HC05config_master) refers to hc05.o(.text.ATsend) for ATsend
    hc05.o(.text.HC05config_master) refers to hc05.o(.bss.SearchFound) for SearchFound
    hc05.o(.text.HC05config_master) refers to printfa.o(i.__0printf) for printf
    hc05.o(.ARM.exidx.text.HC05config_master) refers to hc05.o(.text.HC05config_master) for [Anonymous Symbol]
    hc05.o(.text.HC05_Init) refers to hc05.o(.text.HC05_InitUART) for HC05_InitUART
    hc05.o(.text.HC05_Init) refers to hc05.o(.text.HC05_EnableRXInterrupt) for HC05_EnableRXInterrupt
    hc05.o(.text.HC05_Init) refers to hc05.o(.bss.SearchLooking) for SearchLooking
    hc05.o(.text.HC05_Init) refers to hc05.o(.bss.SearchFound) for SearchFound
    hc05.o(.text.HC05_Init) refers to startup.o(.text) for EnableInterrupts
    hc05.o(.ARM.exidx.text.HC05_Init) refers to hc05.o(.text.HC05_Init) for [Anonymous Symbol]
    led.o(.ARM.exidx.text.LED_Init) refers to led.o(.text.LED_Init) for [Anonymous Symbol]
    led.o(.ARM.exidx.text.Board_Input) refers to led.o(.text.Board_Input) for [Anonymous Symbol]
    led.o(.ARM.exidx.text.LED_RedOn) refers to led.o(.text.LED_RedOn) for [Anonymous Symbol]
    led.o(.ARM.exidx.text.LED_RedOff) refers to led.o(.text.LED_RedOff) for [Anonymous Symbol]
    led.o(.ARM.exidx.text.LED_RedToggle) refers to led.o(.text.LED_RedToggle) for [Anonymous Symbol]
    led.o(.ARM.exidx.text.LED_BlueToggle) refers to led.o(.text.LED_BlueToggle) for [Anonymous Symbol]
    led.o(.ARM.exidx.text.LED_Blueon) refers to led.o(.text.LED_Blueon) for [Anonymous Symbol]
    led.o(.ARM.exidx.text.LED_Blueoff) refers to led.o(.text.LED_Blueoff) for [Anonymous Symbol]
    led.o(.ARM.exidx.text.LED_GreenToggle) refers to led.o(.text.LED_GreenToggle) for [Anonymous Symbol]
    led.o(.ARM.exidx.text.LED_GreenOn) refers to led.o(.text.LED_GreenOn) for [Anonymous Symbol]
    led.o(.ARM.exidx.text.LED_GreenOff) refers to led.o(.text.LED_GreenOff) for [Anonymous Symbol]
    uart.o(.text.RxFifo_Init) refers to startup.o(.text) for StartCritical
    uart.o(.text.RxFifo_Init) refers to uart.o(.bss.RxGetI) for RxGetI
    uart.o(.text.RxFifo_Init) refers to uart.o(.bss.RxPutI) for RxPutI
    uart.o(.ARM.exidx.text.RxFifo_Init) refers to uart.o(.text.RxFifo_Init) for [Anonymous Symbol]
    uart.o(.text.RxFifo_Put) refers to uart.o(.bss.RxPutI) for RxPutI
    uart.o(.text.RxFifo_Put) refers to uart.o(.bss.RxGetI) for RxGetI
    uart.o(.text.RxFifo_Put) refers to uart.o(.bss.RxFifo) for RxFifo
    uart.o(.ARM.exidx.text.RxFifo_Put) refers to uart.o(.text.RxFifo_Put) for [Anonymous Symbol]
    uart.o(.text.RxFifo_Get) refers to uart.o(.bss.RxPutI) for RxPutI
    uart.o(.text.RxFifo_Get) refers to uart.o(.bss.RxGetI) for RxGetI
    uart.o(.text.RxFifo_Get) refers to uart.o(.bss.RxFifo) for RxFifo
    uart.o(.ARM.exidx.text.RxFifo_Get) refers to uart.o(.text.RxFifo_Get) for [Anonymous Symbol]
    uart.o(.text.RxFifo_Size) refers to uart.o(.bss.RxPutI) for RxPutI
    uart.o(.text.RxFifo_Size) refers to uart.o(.bss.RxGetI) for RxGetI
    uart.o(.ARM.exidx.text.RxFifo_Size) refers to uart.o(.text.RxFifo_Size) for [Anonymous Symbol]
    uart.o(.text.TxFifo_Init) refers to startup.o(.text) for StartCritical
    uart.o(.text.TxFifo_Init) refers to uart.o(.bss.TxGetI) for TxGetI
    uart.o(.text.TxFifo_Init) refers to uart.o(.bss.TxPutI) for TxPutI
    uart.o(.ARM.exidx.text.TxFifo_Init) refers to uart.o(.text.TxFifo_Init) for [Anonymous Symbol]
    uart.o(.text.TxFifo_Put) refers to uart.o(.bss.TxPutI) for TxPutI
    uart.o(.text.TxFifo_Put) refers to uart.o(.bss.TxGetI) for TxGetI
    uart.o(.text.TxFifo_Put) refers to uart.o(.bss.TxFifo) for TxFifo
    uart.o(.ARM.exidx.text.TxFifo_Put) refers to uart.o(.text.TxFifo_Put) for [Anonymous Symbol]
    uart.o(.text.TxFifo_Get) refers to uart.o(.bss.TxPutI) for TxPutI
    uart.o(.text.TxFifo_Get) refers to uart.o(.bss.TxGetI) for TxGetI
    uart.o(.text.TxFifo_Get) refers to uart.o(.bss.TxFifo) for TxFifo
    uart.o(.ARM.exidx.text.TxFifo_Get) refers to uart.o(.text.TxFifo_Get) for [Anonymous Symbol]
    uart.o(.text.TxFifo_Size) refers to uart.o(.bss.TxPutI) for TxPutI
    uart.o(.text.TxFifo_Size) refers to uart.o(.bss.TxGetI) for TxGetI
    uart.o(.ARM.exidx.text.TxFifo_Size) refers to uart.o(.text.TxFifo_Size) for [Anonymous Symbol]
    uart.o(.text.UART_Init) refers to uart.o(.text.RxFifo_Init) for RxFifo_Init
    uart.o(.text.UART_Init) refers to uart.o(.text.TxFifo_Init) for TxFifo_Init
    uart.o(.ARM.exidx.text.UART_Init) refers to uart.o(.text.UART_Init) for [Anonymous Symbol]
    uart.o(.text.UART_InChar) refers to uart.o(.text.RxFifo_Get) for RxFifo_Get
    uart.o(.ARM.exidx.text.UART_InChar) refers to uart.o(.text.UART_InChar) for [Anonymous Symbol]
    uart.o(.text.UART_InCharNonBlock) refers to uart.o(.text.RxFifo_Get) for RxFifo_Get
    uart.o(.ARM.exidx.text.UART_InCharNonBlock) refers to uart.o(.text.UART_InCharNonBlock) for [Anonymous Symbol]
    uart.o(.ARM.exidx.text.simpleUART1_OutChar) refers to uart.o(.text.simpleUART1_OutChar) for [Anonymous Symbol]
    uart.o(.text.UART_OutChar) refers to uart.o(.text.TxFifo_Put) for TxFifo_Put
    uart.o(.text.UART_OutChar) refers to uart.o(.text.copySoftwareToHardware) for copySoftwareToHardware
    uart.o(.ARM.exidx.text.UART_OutChar) refers to uart.o(.text.UART_OutChar) for [Anonymous Symbol]
    uart.o(.text.copySoftwareToHardware) refers to uart.o(.text.TxFifo_Size) for TxFifo_Size
    uart.o(.text.copySoftwareToHardware) refers to uart.o(.text.TxFifo_Get) for TxFifo_Get
    uart.o(.ARM.exidx.text.copySoftwareToHardware) refers to uart.o(.text.copySoftwareToHardware) for [Anonymous Symbol]
    uart.o(.text.UART_OutCharNonBlock) refers to uart.o(.text.TxFifo_Put) for TxFifo_Put
    uart.o(.text.UART_OutCharNonBlock) refers to uart.o(.text.copySoftwareToHardware) for copySoftwareToHardware
    uart.o(.ARM.exidx.text.UART_OutCharNonBlock) refers to uart.o(.text.UART_OutCharNonBlock) for [Anonymous Symbol]
    uart.o(.text.UART0_Handler) refers to uart.o(.text.copySoftwareToHardware) for copySoftwareToHardware
    uart.o(.text.UART0_Handler) refers to uart.o(.text.TxFifo_Size) for TxFifo_Size
    uart.o(.text.UART0_Handler) refers to uart.o(.text.copyHardwareToSoftware) for copyHardwareToSoftware
    uart.o(.ARM.exidx.text.UART0_Handler) refers to uart.o(.text.UART0_Handler) for [Anonymous Symbol]
    uart.o(.text.copyHardwareToSoftware) refers to uart.o(.text.RxFifo_Size) for RxFifo_Size
    uart.o(.text.copyHardwareToSoftware) refers to uart.o(.text.RxFifo_Put) for RxFifo_Put
    uart.o(.ARM.exidx.text.copyHardwareToSoftware) refers to uart.o(.text.copyHardwareToSoftware) for [Anonymous Symbol]
    uart.o(.text.UART_OutString) refers to uart.o(.text.UART_OutChar) for UART_OutChar
    uart.o(.ARM.exidx.text.UART_OutString) refers to uart.o(.text.UART_OutString) for [Anonymous Symbol]
    uart.o(.text.UART_InUDec) refers to uart.o(.text.UART_InChar) for UART_InChar
    uart.o(.text.UART_InUDec) refers to uart.o(.text.UART_OutChar) for UART_OutChar
    uart.o(.ARM.exidx.text.UART_InUDec) refers to uart.o(.text.UART_InUDec) for [Anonymous Symbol]
    uart.o(.text.UART_OutUDec) refers to uart.o(.text.UART_OutChar) for UART_OutChar
    uart.o(.ARM.exidx.text.UART_OutUDec) refers to uart.o(.text.UART_OutUDec) for [Anonymous Symbol]
    uart.o(.text.UART_InUHex) refers to uart.o(.text.UART_InChar) for UART_InChar
    uart.o(.text.UART_InUHex) refers to uart.o(.text.UART_OutChar) for UART_OutChar
    uart.o(.ARM.exidx.text.UART_InUHex) refers to uart.o(.text.UART_InUHex) for [Anonymous Symbol]
    uart.o(.text.UART_OutUHex) refers to uart.o(.text.UART_OutChar) for UART_OutChar
    uart.o(.ARM.exidx.text.UART_OutUHex) refers to uart.o(.text.UART_OutUHex) for [Anonymous Symbol]
    uart.o(.text.UART_InString) refers to uart.o(.text.UART_InChar) for UART_InChar
    uart.o(.text.UART_InString) refers to uart.o(.text.UART_OutChar) for UART_OutChar
    uart.o(.ARM.exidx.text.UART_InString) refers to uart.o(.text.UART_InString) for [Anonymous Symbol]
    uart.o(.text.Output_Init_UART) refers to uart.o(.text.UART_Init) for UART_Init
    uart.o(.ARM.exidx.text.Output_Init_UART) refers to uart.o(.text.Output_Init_UART) for [Anonymous Symbol]
    entry.o(.ARM.Collect$$$$00000000) refers (Special) to entry10a.o(.ARM.Collect$$$$0000000D) for __rt_final_cpp
    entry.o(.ARM.Collect$$$$00000000) refers (Special) to entry11a.o(.ARM.Collect$$$$0000000F) for __rt_final_exit
    entry.o(.ARM.Collect$$$$00000000) refers (Special) to entry7b.o(.ARM.Collect$$$$00000008) for _main_clock
    entry.o(.ARM.Collect$$$$00000000) refers (Special) to entry8b.o(.ARM.Collect$$$$0000000A) for _main_cpp_init
    entry.o(.ARM.Collect$$$$00000000) refers (Special) to entry9a.o(.ARM.Collect$$$$0000000B) for _main_init
    entry.o(.ARM.Collect$$$$00000000) refers (Special) to entry5.o(.ARM.Collect$$$$00000004) for _main_scatterload
    entry.o(.ARM.Collect$$$$00000000) refers (Special) to entry2.o(.ARM.Collect$$$$00000001) for _main_stk
    printfa.o(i.__0fprintf) refers (Special) to iusefp.o(.text) for __I$use$fp
    printfa.o(i.__0fprintf) refers to printfa.o(i._printf_core) for _printf_core
    printfa.o(i.__0fprintf) refers to st7735.o(.text.fputc) for fputc
    printfa.o(i.__0printf) refers (Special) to iusefp.o(.text) for __I$use$fp
    printfa.o(i.__0printf) refers to printfa.o(i._printf_core) for _printf_core
    printfa.o(i.__0printf) refers to st7735.o(.text.fputc) for fputc
    printfa.o(i.__0printf) refers to stdout.o(.data) for __stdout
    printfa.o(i.__0snprintf) refers (Special) to iusefp.o(.text) for __I$use$fp
    printfa.o(i.__0snprintf) refers to printfa.o(i._printf_core) for _printf_core
    printfa.o(i.__0snprintf) refers to printfa.o(i._snputc) for _snputc
    printfa.o(i.__0sprintf) refers (Special) to iusefp.o(.text) for __I$use$fp
    printfa.o(i.__0sprintf) refers to printfa.o(i._printf_core) for _printf_core
    printfa.o(i.__0sprintf) refers to printfa.o(i._sputc) for _sputc
    printfa.o(i.__0vfprintf) refers (Special) to iusefp.o(.text) for __I$use$fp
    printfa.o(i.__0vfprintf) refers to printfa.o(i._printf_core) for _printf_core
    printfa.o(i.__0vfprintf) refers to st7735.o(.text.fputc) for fputc
    printfa.o(i.__0vprintf) refers (Special) to iusefp.o(.text) for __I$use$fp
    printfa.o(i.__0vprintf) refers to printfa.o(i._printf_core) for _printf_core
    printfa.o(i.__0vprintf) refers to st7735.o(.text.fputc) for fputc
    printfa.o(i.__0vprintf) refers to stdout.o(.data) for __stdout
    printfa.o(i.__0vsnprintf) refers (Special) to iusefp.o(.text) for __I$use$fp
    printfa.o(i.__0vsnprintf) refers to printfa.o(i._printf_core) for _printf_core
    printfa.o(i.__0vsnprintf) refers to printfa.o(i._snputc) for _snputc
    printfa.o(i.__0vsprintf) refers (Special) to iusefp.o(.text) for __I$use$fp
    printfa.o(i.__0vsprintf) refers to printfa.o(i._printf_core) for _printf_core
    printfa.o(i.__0vsprintf) refers to printfa.o(i._sputc) for _sputc
    printfa.o(i._fp_digits) refers (Special) to iusefp.o(.text) for __I$use$fp
    printfa.o(i._fp_digits) refers to dmul.o(.text) for __aeabi_dmul
    printfa.o(i._fp_digits) refers to ddiv.o(.text) for __aeabi_ddiv
    printfa.o(i._fp_digits) refers to cdrcmple.o(.text) for __aeabi_cdrcmple
    printfa.o(i._fp_digits) refers to dadd.o(.text) for __aeabi_dadd
    printfa.o(i._fp_digits) refers to dfixul.o(.text) for __aeabi_d2ulz
    printfa.o(i._fp_digits) refers to uldiv.o(.text) for __aeabi_uldivmod
    printfa.o(i._printf_core) refers (Special) to iusefp.o(.text) for __I$use$fp
    printfa.o(i._printf_core) refers to printfa.o(i._printf_pre_padding) for _printf_pre_padding
    printfa.o(i._printf_core) refers to uldiv.o(.text) for __aeabi_uldivmod
    printfa.o(i._printf_core) refers to printfa.o(i._printf_post_padding) for _printf_post_padding
    printfa.o(i._printf_core) refers to printfa.o(i._fp_digits) for _fp_digits
    printfa.o(i._printf_core) refers to uidiv.o(.text) for __aeabi_uidivmod
    printfa.o(i._printf_post_padding) refers (Special) to iusefp.o(.text) for __I$use$fp
    printfa.o(i._printf_pre_padding) refers (Special) to iusefp.o(.text) for __I$use$fp
    printfa.o(i._snputc) refers (Special) to iusefp.o(.text) for __I$use$fp
    printfa.o(i._sputc) refers (Special) to iusefp.o(.text) for __I$use$fp
    entry2.o(.ARM.Collect$$$$00000001) refers to entry2.o(.ARM.Collect$$$$00002712) for __lit__00000000
    entry2.o(.ARM.Collect$$$$00002712) refers to startup.o(STACK) for __initial_sp
    entry2.o(__vectab_stack_and_reset_area) refers to startup.o(STACK) for __initial_sp
    entry2.o(__vectab_stack_and_reset_area) refers to entry.o(.ARM.Collect$$$$00000000) for __main
    entry5.o(.ARM.Collect$$$$00000004) refers to init.o(.text) for __scatterload
    entry9a.o(.ARM.Collect$$$$0000000B) refers to pa6.o(.text.main) for main
    entry9b.o(.ARM.Collect$$$$0000000C) refers to pa6.o(.text.main) for main
    uldiv.o(.text) refers to llushr.o(.text) for __aeabi_llsr
    uldiv.o(.text) refers to llshl.o(.text) for __aeabi_llsl
    dadd.o(.text) refers (Special) to iusefp.o(.text) for __I$use$fp
    dadd.o(.text) refers to llshl.o(.text) for __aeabi_llsl
    dadd.o(.text) refers to llsshr.o(.text) for __aeabi_lasr
    dadd.o(.text) refers to depilogue.o(.text) for _double_epilogue
    dmul.o(.text) refers (Special) to iusefp.o(.text) for __I$use$fp
    dmul.o(.text) refers to depilogue.o(.text) for _double_epilogue
    ddiv.o(.text) refers (Special) to iusefp.o(.text) for __I$use$fp
    ddiv.o(.text) refers to depilogue.o(.text) for _double_round
    dfixul.o(.text) refers (Special) to iusefp.o(.text) for __I$use$fp
    dfixul.o(.text) refers to llushr.o(.text) for __aeabi_llsr
    dfixul.o(.text) refers to llshl.o(.text) for __aeabi_llsl
    cdrcmple.o(.text) refers (Special) to iusefp.o(.text) for __I$use$fp
    init.o(.text) refers to entry5.o(.ARM.Collect$$$$00000004) for __main_after_scatterload
    depilogue.o(.text) refers (Special) to iusefp.o(.text) for __I$use$fp
    depilogue.o(.text) refers to llshl.o(.text) for __aeabi_llsl
    depilogue.o(.text) refers to llushr.o(.text) for __aeabi_llsr


==============================================================================

Removing Unused input sections from the image.

    Removing startup.o(HEAP), (0 bytes).
    Removing pll.o(.text), (0 bytes).
    Removing pll.o(.ARM.exidx.text.PLL_Init), (8 bytes).
    Removing st7735.o(.text), (0 bytes).
    Removing st7735.o(.text.Delay1ms), (46 bytes).
    Removing st7735.o(.ARM.exidx.text.Delay1ms), (8 bytes).
    Removing st7735.o(.text.ST7735_InitB), (50 bytes).
    Removing st7735.o(.ARM.exidx.text.ST7735_InitB), (8 bytes).
    Removing st7735.o(.text.commonInit), (418 bytes).
    Removing st7735.o(.ARM.exidx.text.commonInit), (8 bytes).
    Removing st7735.o(.text.ST7735_SetCursor), (54 bytes).
    Removing st7735.o(.ARM.exidx.text.ST7735_SetCursor), (8 bytes).
    Removing st7735.o(.text.ST7735_FillScreen), (52 bytes).
    Removing st7735.o(.ARM.exidx.text.ST7735_FillScreen), (8 bytes).
    Removing st7735.o(.text.ST7735_InitR), (166 bytes).
    Removing st7735.o(.ARM.exidx.text.ST7735_InitR), (8 bytes).
    Removing st7735.o(.text.commandList), (170 bytes).
    Removing st7735.o(.ARM.exidx.text.commandList), (8 bytes).
    Removing st7735.o(.ARM.exidx.text.writecommand), (8 bytes).
    Removing st7735.o(.ARM.exidx.text.writedata), (8 bytes).
    Removing st7735.o(.ARM.exidx.text.ST7735_DrawPixel), (8 bytes).
    Removing st7735.o(.ARM.exidx.text.setAddrWindow), (8 bytes).
    Removing st7735.o(.ARM.exidx.text.pushColor), (8 bytes).
    Removing st7735.o(.text.ST7735_DrawFastVLine), (198 bytes).
    Removing st7735.o(.ARM.exidx.text.ST7735_DrawFastVLine), (8 bytes).
    Removing st7735.o(.text.ST7735_DrawFastHLine), (198 bytes).
    Removing st7735.o(.ARM.exidx.text.ST7735_DrawFastHLine), (8 bytes).
    Removing st7735.o(.ARM.exidx.text.ST7735_FillRect), (8 bytes).
    Removing st7735.o(.text.ST7735_Color565), (48 bytes).
    Removing st7735.o(.ARM.exidx.text.ST7735_Color565), (8 bytes).
    Removing st7735.o(.text.ST7735_SwapColor), (28 bytes).
    Removing st7735.o(.ARM.exidx.text.ST7735_SwapColor), (8 bytes).
    Removing st7735.o(.text.ST7735_DrawBitmap), (588 bytes).
    Removing st7735.o(.ARM.exidx.text.ST7735_DrawBitmap), (8 bytes).
    Removing st7735.o(.ARM.exidx.text.ST7735_DrawCharS), (8 bytes).
    Removing st7735.o(.text.ST7735_DrawChar), (428 bytes).
    Removing st7735.o(.ARM.exidx.text.ST7735_DrawChar), (8 bytes).
    Removing st7735.o(.ARM.exidx.text.ST7735_DrawString), (8 bytes).
    Removing st7735.o(.text.fillmessage), (112 bytes).
    Removing st7735.o(.ARM.exidx.text.fillmessage), (8 bytes).
    Removing st7735.o(.text.ST7735_OutUDec), (166 bytes).
    Removing st7735.o(.ARM.exidx.text.ST7735_OutUDec), (8 bytes).
    Removing st7735.o(.text.ST7735_SetRotation), (290 bytes).
    Removing st7735.o(.ARM.exidx.text.ST7735_SetRotation), (8 bytes).
    Removing st7735.o(.text.ST7735_InvertDisplay), (32 bytes).
    Removing st7735.o(.ARM.exidx.text.ST7735_InvertDisplay), (8 bytes).
    Removing st7735.o(.text.ST7735_PlotClear), (144 bytes).
    Removing st7735.o(.ARM.exidx.text.ST7735_PlotClear), (8 bytes).
    Removing st7735.o(.text.ST7735_PlotPoint), (222 bytes).
    Removing st7735.o(.ARM.exidx.text.ST7735_PlotPoint), (8 bytes).
    Removing st7735.o(.text.ST7735_PlotLine), (462 bytes).
    Removing st7735.o(.ARM.exidx.text.ST7735_PlotLine), (8 bytes).
    Removing st7735.o(.text.ST7735_PlotPoints), (314 bytes).
    Removing st7735.o(.ARM.exidx.text.ST7735_PlotPoints), (8 bytes).
    Removing st7735.o(.text.ST7735_PlotBar), (138 bytes).
    Removing st7735.o(.ARM.exidx.text.ST7735_PlotBar), (8 bytes).
    Removing st7735.o(.text.ST7735_PlotdBfs), (96 bytes).
    Removing st7735.o(.ARM.exidx.text.ST7735_PlotdBfs), (8 bytes).
    Removing st7735.o(.text.ST7735_PlotNext), (48 bytes).
    Removing st7735.o(.ARM.exidx.text.ST7735_PlotNext), (8 bytes).
    Removing st7735.o(.text.ST7735_PlotNextErase), (90 bytes).
    Removing st7735.o(.ARM.exidx.text.ST7735_PlotNextErase), (8 bytes).
    Removing st7735.o(.ARM.exidx.text.ST7735_OutChar), (8 bytes).
    Removing st7735.o(.text.ST7735_OutString), (38 bytes).
    Removing st7735.o(.ARM.exidx.text.ST7735_OutString), (8 bytes).
    Removing st7735.o(.text.ST7735_SetTextColor), (24 bytes).
    Removing st7735.o(.ARM.exidx.text.ST7735_SetTextColor), (8 bytes).
    Removing st7735.o(.ARM.exidx.text.fputc), (8 bytes).
    Removing st7735.o(.text.fgetc), (10 bytes).
    Removing st7735.o(.ARM.exidx.text.fgetc), (8 bytes).
    Removing st7735.o(.text.ferror), (12 bytes).
    Removing st7735.o(.ARM.exidx.text.ferror), (8 bytes).
    Removing st7735.o(.text.Output_Init), (16 bytes).
    Removing st7735.o(.ARM.exidx.text.Output_Init), (8 bytes).
    Removing st7735.o(.text.Output_Clear), (10 bytes).
    Removing st7735.o(.ARM.exidx.text.Output_Clear), (8 bytes).
    Removing st7735.o(.text.Output_Off), (8 bytes).
    Removing st7735.o(.ARM.exidx.text.Output_Off), (8 bytes).
    Removing st7735.o(.text.Output_On), (8 bytes).
    Removing st7735.o(.ARM.exidx.text.Output_On), (8 bytes).
    Removing st7735.o(.text.Output_Color), (18 bytes).
    Removing st7735.o(.ARM.exidx.text.Output_Color), (8 bytes).
    Removing st7735.o(.rodata.Bcmd), (103 bytes).
    Removing st7735.o(.rodata.Rcmd1), (59 bytes).
    Removing st7735.o(.rodata.Rcmd2green), (13 bytes).
    Removing st7735.o(.rodata.Rcmd2red), (13 bytes).
    Removing st7735.o(.rodata.Rcmd3), (43 bytes).
    Removing st7735.o(.bss.TabColor), (1 bytes).
    Removing st7735.o(.bss.Message), (12 bytes).
    Removing st7735.o(.bss.Messageindex), (4 bytes).
    Removing st7735.o(.bss.Rotation), (1 bytes).
    Removing st7735.o(.bss.Ymax), (4 bytes).
    Removing st7735.o(.bss.Ymin), (4 bytes).
    Removing st7735.o(.bss.Yrange), (4 bytes).
    Removing st7735.o(.bss.X), (4 bytes).
    Removing st7735.o(.bss.lastj), (4 bytes).
    Removing st7735.o(.rodata.dBfs), (512 bytes).
    Removing fixed.o(.text), (0 bytes).
    Removing fixed.o(.text.ST7735_sDecOut3), (262 bytes).
    Removing fixed.o(.ARM.exidx.text.ST7735_sDecOut3), (8 bytes).
    Removing fixed.o(.text.ST7735_uBinOut8), (314 bytes).
    Removing fixed.o(.ARM.exidx.text.ST7735_uBinOut8), (8 bytes).
    Removing fixed.o(.text.ST7735_XYplotInit), (106 bytes).
    Removing fixed.o(.ARM.exidx.text.ST7735_XYplotInit), (8 bytes).
    Removing fixed.o(.text.ST7735_XYplot), (242 bytes).
    Removing fixed.o(.ARM.exidx.text.ST7735_XYplot), (8 bytes).
    Removing fixed.o(.rodata.str1.1), (14 bytes).
    Removing fixed.o(.bss.xMin), (4 bytes).
    Removing fixed.o(.bss.xMax), (4 bytes).
    Removing fixed.o(.bss.yMin), (4 bytes).
    Removing fixed.o(.bss.yMax), (4 bytes).
    Removing pa6.o(.text), (0 bytes).
    Removing pa6.o(.text.Pause), (54 bytes).
    Removing pa6.o(.ARM.exidx.text.Pause), (8 bytes).
    Removing pa6.o(.text.DelayWait10ms), (46 bytes).
    Removing pa6.o(.ARM.exidx.text.DelayWait10ms), (8 bytes).
    Removing pa6.o(.ARM.exidx.text.main), (8 bytes).
    Removing pa6.o(.text.PortF_Init), (142 bytes).
    Removing pa6.o(.ARM.exidx.text.PortF_Init), (8 bytes).
    Removing pa6.o(.text.SysTick_Init_Interrupts), (66 bytes).
    Removing pa6.o(.ARM.exidx.text.SysTick_Init_Interrupts), (8 bytes).
    Removing pa6.o(.ARM.exidx.text.Convert), (8 bytes).
    Removing pa6.o(.ARM.exidx.text.SysTick_Handler), (8 bytes).
    Removing pa6.o(.ARM.exidx.text.ConvertDistancetostring), (8 bytes).
    Removing pa6.o(.rodata.outTests1), (208 bytes).
    Removing pa6.o(.rodata.outTests2), (224 bytes).
    Removing pa6.o(.rodata.CircleXbuf), (720 bytes).
    Removing pa6.o(.rodata.CircleYbuf), (720 bytes).
    Removing pa6.o(.rodata.StarXbuf), (200 bytes).
    Removing pa6.o(.rodata.StarYbuf), (200 bytes).
    Removing pa6.o(.ARM.use_no_argv), (4 bytes).
    Removing adccode.o(.text), (0 bytes).
    Removing adccode.o(.text.ADC0_InitSWTriggerSeq3_Ch1), (284 bytes).
    Removing adccode.o(.ARM.exidx.text.ADC0_InitSWTriggerSeq3_Ch1), (8 bytes).
    Removing adccode.o(.ARM.exidx.text.ADC0_In), (8 bytes).
    Removing hc05.o(.text), (0 bytes).
    Removing hc05.o(.ARM.exidx.text.lc), (8 bytes).
    Removing hc05.o(.ARM.exidx.text.SearchStart), (8 bytes).
    Removing hc05.o(.ARM.exidx.text.SearchCheck), (8 bytes).
    Removing hc05.o(.ARM.exidx.text.HC05_InitUART), (8 bytes).
    Removing hc05.o(.ARM.exidx.text.UART1_Handler), (8 bytes).
    Removing hc05.o(.ARM.exidx.text.HC05FIFOtoBuffer), (8 bytes).
    Removing hc05.o(.ARM.exidx.text.HC05_EnableRXInterrupt), (8 bytes).
    Removing hc05.o(.text.HC05_DisableRXInterrupt), (14 bytes).
    Removing hc05.o(.ARM.exidx.text.HC05_DisableRXInterrupt), (8 bytes).
    Removing hc05.o(.ARM.exidx.text.HC05_PrintChar), (8 bytes).
    Removing hc05.o(.ARM.exidx.text.DelayMs), (8 bytes).
    Removing hc05.o(.ARM.exidx.text.DelayMsSearching), (8 bytes).
    Removing hc05.o(.ARM.exidx.text.ATsend), (8 bytes).
    Removing hc05.o(.ARM.exidx.text.HC05config_slave), (8 bytes).
    Removing hc05.o(.text.HC05config_master), (494 bytes).
    Removing hc05.o(.ARM.exidx.text.HC05config_master), (8 bytes).
    Removing hc05.o(.ARM.exidx.text.HC05_Init), (8 bytes).
    Removing hc05.o(.bss.LastReturnIndex), (4 bytes).
    Removing hc05.o(.bss.CurrentReturnIndex), (4 bytes).
    Removing hc05.o(.bss.TXBuffer), (1024 bytes).
    Removing led.o(.text), (0 bytes).
    Removing led.o(.text.LED_Init), (144 bytes).
    Removing led.o(.ARM.exidx.text.LED_Init), (8 bytes).
    Removing led.o(.ARM.exidx.text.Board_Input), (8 bytes).
    Removing led.o(.text.LED_RedOn), (14 bytes).
    Removing led.o(.ARM.exidx.text.LED_RedOn), (8 bytes).
    Removing led.o(.text.LED_RedOff), (14 bytes).
    Removing led.o(.ARM.exidx.text.LED_RedOff), (8 bytes).
    Removing led.o(.text.LED_RedToggle), (18 bytes).
    Removing led.o(.ARM.exidx.text.LED_RedToggle), (8 bytes).
    Removing led.o(.text.LED_BlueToggle), (18 bytes).
    Removing led.o(.ARM.exidx.text.LED_BlueToggle), (8 bytes).
    Removing led.o(.text.LED_Blueon), (14 bytes).
    Removing led.o(.ARM.exidx.text.LED_Blueon), (8 bytes).
    Removing led.o(.text.LED_Blueoff), (14 bytes).
    Removing led.o(.ARM.exidx.text.LED_Blueoff), (8 bytes).
    Removing led.o(.text.LED_GreenToggle), (18 bytes).
    Removing led.o(.ARM.exidx.text.LED_GreenToggle), (8 bytes).
    Removing led.o(.text.LED_GreenOn), (14 bytes).
    Removing led.o(.ARM.exidx.text.LED_GreenOn), (8 bytes).
    Removing led.o(.text.LED_GreenOff), (14 bytes).
    Removing led.o(.ARM.exidx.text.LED_GreenOff), (8 bytes).
    Removing uart.o(.text), (0 bytes).
    Removing uart.o(.text.RxFifo_Init), (42 bytes).
    Removing uart.o(.ARM.exidx.text.RxFifo_Init), (8 bytes).
    Removing uart.o(.ARM.exidx.text.RxFifo_Put), (8 bytes).
    Removing uart.o(.text.RxFifo_Get), (82 bytes).
    Removing uart.o(.ARM.exidx.text.RxFifo_Get), (8 bytes).
    Removing uart.o(.ARM.exidx.text.RxFifo_Size), (8 bytes).
    Removing uart.o(.text.TxFifo_Init), (42 bytes).
    Removing uart.o(.ARM.exidx.text.TxFifo_Init), (8 bytes).
    Removing uart.o(.ARM.exidx.text.TxFifo_Put), (8 bytes).
    Removing uart.o(.ARM.exidx.text.TxFifo_Get), (8 bytes).
    Removing uart.o(.ARM.exidx.text.TxFifo_Size), (8 bytes).
    Removing uart.o(.text.UART_Init), (234 bytes).
    Removing uart.o(.ARM.exidx.text.UART_Init), (8 bytes).
    Removing uart.o(.text.UART_InChar), (28 bytes).
    Removing uart.o(.ARM.exidx.text.UART_InChar), (8 bytes).
    Removing uart.o(.text.UART_InCharNonBlock), (42 bytes).
    Removing uart.o(.ARM.exidx.text.UART_InCharNonBlock), (8 bytes).
    Removing uart.o(.text.simpleUART1_OutChar), (46 bytes).
    Removing uart.o(.ARM.exidx.text.simpleUART1_OutChar), (8 bytes).
    Removing uart.o(.ARM.exidx.text.UART_OutChar), (8 bytes).
    Removing uart.o(.ARM.exidx.text.copySoftwareToHardware), (8 bytes).
    Removing uart.o(.ARM.exidx.text.UART_OutCharNonBlock), (8 bytes).
    Removing uart.o(.ARM.exidx.text.UART0_Handler), (8 bytes).
    Removing uart.o(.ARM.exidx.text.copyHardwareToSoftware), (8 bytes).
    Removing uart.o(.ARM.exidx.text.UART_OutString), (8 bytes).
    Removing uart.o(.text.UART_InUDec), (152 bytes).
    Removing uart.o(.ARM.exidx.text.UART_InUDec), (8 bytes).
    Removing uart.o(.text.UART_OutUDec), (72 bytes).
    Removing uart.o(.ARM.exidx.text.UART_OutUDec), (8 bytes).
    Removing uart.o(.text.UART_InUHex), (218 bytes).
    Removing uart.o(.ARM.exidx.text.UART_InUHex), (8 bytes).
    Removing uart.o(.text.UART_OutUHex), (72 bytes).
    Removing uart.o(.ARM.exidx.text.UART_OutUHex), (8 bytes).
    Removing uart.o(.text.UART_InString), (136 bytes).
    Removing uart.o(.ARM.exidx.text.UART_InString), (8 bytes).
    Removing uart.o(.text.Output_Init_UART), (8 bytes).
    Removing uart.o(.ARM.exidx.text.Output_Init_UART), (8 bytes).

216 unused section(s) (total 13173 bytes) removed from the image.

==============================================================================

Image Symbol Table

    Local Symbols

    Symbol Name                              Value     Ov Type        Size  Object(Section)

    ../clib/division.s                       0x00000000   Number         0  aeabi_sdiv.o ABSOLUTE
    ../clib/microlib/division.c              0x00000000   Number         0  uidiv.o ABSOLUTE
    ../clib/microlib/division.c              0x00000000   Number         0  uldiv.o ABSOLUTE
    ../clib/microlib/init/entry.s            0x00000000   Number         0  entry.o ABSOLUTE
    ../clib/microlib/init/entry.s            0x00000000   Number         0  entry2.o ABSOLUTE
    ../clib/microlib/init/entry.s            0x00000000   Number         0  entry5.o ABSOLUTE
    ../clib/microlib/init/entry.s            0x00000000   Number         0  entry7a.o ABSOLUTE
    ../clib/microlib/init/entry.s            0x00000000   Number         0  entry7b.o ABSOLUTE
    ../clib/microlib/init/entry.s            0x00000000   Number         0  entry8a.o ABSOLUTE
    ../clib/microlib/init/entry.s            0x00000000   Number         0  entry8b.o ABSOLUTE
    ../clib/microlib/init/entry.s            0x00000000   Number         0  entry9a.o ABSOLUTE
    ../clib/microlib/init/entry.s            0x00000000   Number         0  entry9b.o ABSOLUTE
    ../clib/microlib/init/entry.s            0x00000000   Number         0  entry10a.o ABSOLUTE
    ../clib/microlib/init/entry.s            0x00000000   Number         0  entry10b.o ABSOLUTE
    ../clib/microlib/init/entry.s            0x00000000   Number         0  entry11a.o ABSOLUTE
    ../clib/microlib/init/entry.s            0x00000000   Number         0  entry11b.o ABSOLUTE
    ../clib/microlib/longlong.c              0x00000000   Number         0  llshl.o ABSOLUTE
    ../clib/microlib/longlong.c              0x00000000   Number         0  llushr.o ABSOLUTE
    ../clib/microlib/longlong.c              0x00000000   Number         0  llsshr.o ABSOLUTE
    ../clib/microlib/printf/printf.c         0x00000000   Number         0  printfa.o ABSOLUTE
    ../clib/microlib/stdio/streams.c         0x00000000   Number         0  stdout.o ABSOLUTE
    ../clib/microlib/string/strcpy.c         0x00000000   Number         0  strcpy.o ABSOLUTE
    ../clib/microlib/stubs.s                 0x00000000   Number         0  iusefp.o ABSOLUTE
    ../fplib/microlib/fpadd.c                0x00000000   Number         0  dadd.o ABSOLUTE
    ../fplib/microlib/fpdiv.c                0x00000000   Number         0  ddiv.o ABSOLUTE
    ../fplib/microlib/fpepilogue.c           0x00000000   Number         0  depilogue.o ABSOLUTE
    ../fplib/microlib/fpfix.c                0x00000000   Number         0  dfixul.o ABSOLUTE
    ../fplib/microlib/fpmul.c                0x00000000   Number         0  dmul.o ABSOLUTE
    ADCCode.c                                0x00000000   Number         0  adccode.o ABSOLUTE
    HC05.c                                   0x00000000   Number         0  hc05.o ABSOLUTE
    LED.c                                    0x00000000   Number         0  led.o ABSOLUTE
    PA6.c                                    0x00000000   Number         0  pa6.o ABSOLUTE
    PLL.c                                    0x00000000   Number         0  pll.o ABSOLUTE
    ST7735.c                                 0x00000000   Number         0  st7735.o ABSOLUTE
    UART.c                                   0x00000000   Number         0  uart.o ABSOLUTE
    cdrcmple.s                               0x00000000   Number         0  cdrcmple.o ABSOLUTE
    dc.s                                     0x00000000   Number         0  dc.o ABSOLUTE
    fixed.c                                  0x00000000   Number         0  fixed.o ABSOLUTE
    handlers.s                               0x00000000   Number         0  handlers.o ABSOLUTE
    init.s                                   0x00000000   Number         0  init.o ABSOLUTE
    startup.s                                0x00000000   Number         0  startup.o ABSOLUTE
    RESET                                    0x00000000   Section      644  startup.o(RESET)
    .ARM.Collect$$$$00000000                 0x00000284   Section        0  entry.o(.ARM.Collect$$$$00000000)
    .ARM.Collect$$$$00000001                 0x00000284   Section        4  entry2.o(.ARM.Collect$$$$00000001)
    .ARM.Collect$$$$00000004                 0x00000288   Section        4  entry5.o(.ARM.Collect$$$$00000004)
    .ARM.Collect$$$$00000008                 0x0000028c   Section        0  entry7b.o(.ARM.Collect$$$$00000008)
    .ARM.Collect$$$$0000000A                 0x0000028c   Section        0  entry8b.o(.ARM.Collect$$$$0000000A)
    .ARM.Collect$$$$0000000B                 0x0000028c   Section        8  entry9a.o(.ARM.Collect$$$$0000000B)
    __lit__00000000                          0x00000294   Data           4  entry2.o(.ARM.Collect$$$$00002712)
    .ARM.Collect$$$$0000000D                 0x00000294   Section        0  entry10a.o(.ARM.Collect$$$$0000000D)
    .ARM.Collect$$$$0000000F                 0x00000294   Section        0  entry11a.o(.ARM.Collect$$$$0000000F)
    .ARM.Collect$$$$00002712                 0x00000294   Section        4  entry2.o(.ARM.Collect$$$$00002712)
    .text                                    0x00000298   Section       28  startup.o(.text)
    .text                                    0x000002b4   Section        0  strcpy.o(.text)
    .text                                    0x000002c6   Section        0  uidiv.o(.text)
    .text                                    0x000002f2   Section        0  uldiv.o(.text)
    .text                                    0x00000354   Section        0  iusefp.o(.text)
    .text                                    0x00000354   Section        0  dadd.o(.text)
    .text                                    0x000004a2   Section        0  dmul.o(.text)
    .text                                    0x00000586   Section        0  ddiv.o(.text)
    .text                                    0x00000664   Section        0  dfixul.o(.text)
    .text                                    0x00000694   Section       48  cdrcmple.o(.text)
    .text                                    0x000006c4   Section       36  init.o(.text)
    .text                                    0x000006e8   Section        0  llshl.o(.text)
    .text                                    0x00000706   Section        0  llushr.o(.text)
    .text                                    0x00000726   Section        0  llsshr.o(.text)
    .text                                    0x0000074a   Section        0  depilogue.o(.text)
    [Anonymous Symbol]                       0x00000804   Section        0  adccode.o(.text.ADC0_In)
    [Anonymous Symbol]                       0x0000084c   Section        0  hc05.o(.text.ATsend)
    [Anonymous Symbol]                       0x000008b4   Section        0  led.o(.text.Board_Input)
    [Anonymous Symbol]                       0x000008d4   Section        0  pa6.o(.text.Convert)
    [Anonymous Symbol]                       0x00000904   Section        0  pa6.o(.text.ConvertDistancetostring)
    [Anonymous Symbol]                       0x000009b0   Section        0  hc05.o(.text.DelayMs)
    [Anonymous Symbol]                       0x000009e0   Section        0  hc05.o(.text.DelayMsSearching)
    [Anonymous Symbol]                       0x00000a20   Section        0  hc05.o(.text.HC05FIFOtoBuffer)
    [Anonymous Symbol]                       0x00000a9c   Section        0  hc05.o(.text.HC05_EnableRXInterrupt)
    [Anonymous Symbol]                       0x00000aac   Section        0  hc05.o(.text.HC05_Init)
    [Anonymous Symbol]                       0x00000adc   Section        0  hc05.o(.text.HC05_InitUART)
    [Anonymous Symbol]                       0x00000c08   Section        0  hc05.o(.text.HC05_PrintChar)
    [Anonymous Symbol]                       0x00000c40   Section        0  hc05.o(.text.HC05config_slave)
    [Anonymous Symbol]                       0x00000e04   Section        0  pll.o(.text.PLL_Init)
    [Anonymous Symbol]                       0x00000e90   Section        0  uart.o(.text.RxFifo_Put)
    [Anonymous Symbol]                       0x00000ee8   Section        0  uart.o(.text.RxFifo_Size)
    [Anonymous Symbol]                       0x00000f04   Section        0  st7735.o(.text.ST7735_DrawCharS)
    [Anonymous Symbol]                       0x000010b8   Section        0  st7735.o(.text.ST7735_DrawPixel)
    [Anonymous Symbol]                       0x00001128   Section        0  st7735.o(.text.ST7735_DrawString)
    [Anonymous Symbol]                       0x000011c4   Section        0  st7735.o(.text.ST7735_FillRect)
    [Anonymous Symbol]                       0x00001304   Section        0  st7735.o(.text.ST7735_OutChar)
    [Anonymous Symbol]                       0x00001414   Section        0  hc05.o(.text.SearchCheck)
    [Anonymous Symbol]                       0x000014a4   Section        0  hc05.o(.text.SearchStart)
    [Anonymous Symbol]                       0x000014e0   Section        0  pa6.o(.text.SysTick_Handler)
    [Anonymous Symbol]                       0x00001548   Section        0  uart.o(.text.TxFifo_Get)
    [Anonymous Symbol]                       0x0000159c   Section        0  uart.o(.text.TxFifo_Put)
    [Anonymous Symbol]                       0x000015f4   Section        0  uart.o(.text.TxFifo_Size)
    [Anonymous Symbol]                       0x00001610   Section        0  uart.o(.text.UART0_Handler)
    [Anonymous Symbol]                       0x0000169c   Section        0  hc05.o(.text.UART1_Handler)
    [Anonymous Symbol]                       0x000016e8   Section        0  uart.o(.text.UART_OutChar)
    [Anonymous Symbol]                       0x00001724   Section        0  uart.o(.text.UART_OutCharNonBlock)
    [Anonymous Symbol]                       0x00001760   Section        0  uart.o(.text.UART_OutString)
    copyHardwareToSoftware                   0x00001789   Thumb Code    86  uart.o(.text.copyHardwareToSoftware)
    [Anonymous Symbol]                       0x00001788   Section        0  uart.o(.text.copyHardwareToSoftware)
    copySoftwareToHardware                   0x000017e1   Thumb Code    82  uart.o(.text.copySoftwareToHardware)
    [Anonymous Symbol]                       0x000017e0   Section        0  uart.o(.text.copySoftwareToHardware)
    [Anonymous Symbol]                       0x00001834   Section        0  st7735.o(.text.fputc)
    [Anonymous Symbol]                       0x0000184c   Section        0  hc05.o(.text.lc)
    [Anonymous Symbol]                       0x0000187c   Section        0  pa6.o(.text.main)
    pushColor                                0x00001905   Thumb Code    28  st7735.o(.text.pushColor)
    [Anonymous Symbol]                       0x00001904   Section        0  st7735.o(.text.pushColor)
    setAddrWindow                            0x00001921   Thumb Code   148  st7735.o(.text.setAddrWindow)
    [Anonymous Symbol]                       0x00001920   Section        0  st7735.o(.text.setAddrWindow)
    writecommand                             0x000019b5   Thumb Code    80  st7735.o(.text.writecommand)
    [Anonymous Symbol]                       0x000019b4   Section        0  st7735.o(.text.writecommand)
    writedata                                0x00001a05   Thumb Code    58  st7735.o(.text.writedata)
    [Anonymous Symbol]                       0x00001a04   Section        0  st7735.o(.text.writedata)
    i.__0printf                              0x00001a40   Section        0  printfa.o(i.__0printf)
    i.__scatterload_copy                     0x00001a60   Section       14  handlers.o(i.__scatterload_copy)
    i.__scatterload_null                     0x00001a6e   Section        2  handlers.o(i.__scatterload_null)
    i.__scatterload_zeroinit                 0x00001a70   Section       14  handlers.o(i.__scatterload_zeroinit)
    _fp_digits                               0x00001a81   Thumb Code   366  printfa.o(i._fp_digits)
    i._fp_digits                             0x00001a80   Section        0  printfa.o(i._fp_digits)
    _printf_core                             0x00001c05   Thumb Code  1744  printfa.o(i._printf_core)
    i._printf_core                           0x00001c04   Section        0  printfa.o(i._printf_core)
    _printf_post_padding                     0x000022e1   Thumb Code    36  printfa.o(i._printf_post_padding)
    i._printf_post_padding                   0x000022e0   Section        0  printfa.o(i._printf_post_padding)
    _printf_pre_padding                      0x00002305   Thumb Code    46  printfa.o(i._printf_pre_padding)
    i._printf_pre_padding                    0x00002304   Section        0  printfa.o(i._printf_pre_padding)
    Font                                     0x00002332   Data        1275  st7735.o(.rodata.Font)
    [Anonymous Symbol]                       0x00002332   Section        0  st7735.o(.rodata.Font)
    .L.str                                   0x0000282d   Data          22  st7735.o(.rodata.str1.1)
    [Anonymous Symbol]                       0x0000282d   Section        0  st7735.o(.rodata.str1.1)
    .L.str.2                                 0x00002843   Data         142  pa6.o(.rodata.str1.1)
    [Anonymous Symbol]                       0x00002843   Section        0  pa6.o(.rodata.str1.1)
    .L.str.1                                 0x000028d1   Data          81  pa6.o(.rodata.str1.1)
    .L.str                                   0x00002922   Data          26  pa6.o(.rodata.str1.1)
    .L.str.8                                 0x0000293c   Data          19  hc05.o(.rodata.str1.1)
    [Anonymous Symbol]                       0x0000293c   Section        0  hc05.o(.rodata.str1.1)
    .L.str.10                                0x0000294f   Data          12  hc05.o(.rodata.str1.1)
    .L.str.6                                 0x0000295b   Data          15  hc05.o(.rodata.str1.1)
    .L.str.12                                0x0000296a   Data          17  hc05.o(.rodata.str1.1)
    .L.str.18                                0x0000297b   Data          11  hc05.o(.rodata.str1.1)
    .L.str.14                                0x00002986   Data          11  hc05.o(.rodata.str1.1)
    .L.str.16                                0x00002991   Data          11  hc05.o(.rodata.str1.1)
    .L.str.19                                0x0000299c   Data          11  hc05.o(.rodata.str1.1)
    .L.str.4                                 0x000029a7   Data          22  hc05.o(.rodata.str1.1)
    .L.str.2                                 0x000029bd   Data           5  hc05.o(.rodata.str1.1)
    .L.str.1                                 0x000029bf   Data           3  hc05.o(.rodata.str1.1)
    .L.str.3                                 0x000029c2   Data          20  hc05.o(.rodata.str1.1)
    .L.str.20                                0x000029d6   Data          10  hc05.o(.rodata.str1.1)
    .L.str.11                                0x000029e0   Data          27  hc05.o(.rodata.str1.1)
    .L.str.13                                0x000029fb   Data          23  hc05.o(.rodata.str1.1)
    .L.str.15                                0x00002a12   Data          22  hc05.o(.rodata.str1.1)
    .L.str.5                                 0x00002a28   Data          26  hc05.o(.rodata.str1.1)
    .L.str.7                                 0x00002a42   Data          38  hc05.o(.rodata.str1.1)
    .L.str.17                                0x00002a68   Data          22  hc05.o(.rodata.str1.1)
    .L.str.9                                 0x00002a7e   Data          25  hc05.o(.rodata.str1.1)
    .L.str                                   0x00002a97   Data           3  hc05.o(.rodata.str1.1)
    .L.str.21                                0x00002a9d   Data          23  hc05.o(.rodata.str1.1)
    .L.str.22                                0x00002ab4   Data          12  hc05.o(.rodata.str1.1)
    .L.str.23                                0x00002ac0   Data           9  hc05.o(.rodata.str1.1)
    .L.str.24                                0x00002ac9   Data          22  hc05.o(.rodata.str1.1)
    .data                                    0x20000000   Section        4  stdout.o(.data)
    _height                                  0x2000002a   Data           2  st7735.o(.data._height)
    [Anonymous Symbol]                       0x2000002a   Section        0  st7735.o(.data._height)
    _width                                   0x2000002c   Data           2  st7735.o(.data._width)
    [Anonymous Symbol]                       0x2000002c   Section        0  st7735.o(.data._width)
    ColStart                                 0x20000038   Data           1  st7735.o(.bss.ColStart)
    [Anonymous Symbol]                       0x20000038   Section        0  st7735.o(.bss.ColStart)
    RowStart                                 0x20000448   Data           1  st7735.o(.bss.RowStart)
    [Anonymous Symbol]                       0x20000448   Section        0  st7735.o(.bss.RowStart)
    RxFifo                                   0x20000449   Data        1024  uart.o(.bss.RxFifo)
    [Anonymous Symbol]                       0x20000449   Section        0  uart.o(.bss.RxFifo)
    TxFifo                                   0x20000872   Data        1024  uart.o(.bss.TxFifo)
    [Anonymous Symbol]                       0x20000872   Section        0  uart.o(.bss.TxFifo)
    StackMem                                 0x20000c80   Data           0  startup.o(STACK)
    STACK                                    0x20000c80   Section     1024  startup.o(STACK)

    Global Symbols

    Symbol Name                              Value     Ov Type        Size  Object(Section)

    BuildAttributes$$THM_ISAv4$E$P$D$K$B$S$7EM$PE$A:L22UL41UL21$X:L11$S22US41US21$IEEE1$IW$~IW$USESV6$~STKCKD$USESV7$~SHL$OSPACE$ROPI$EBA8$MICROLIB$REQ8$PRES8$EABIv2 0x00000000   Number         0  anon$$obj.o ABSOLUTE
    __Vectors                                0x00000000   Data           0  startup.o(RESET)
    __cpp_initialize__aeabi_                  - Undefined Weak Reference
    __cxa_finalize                            - Undefined Weak Reference
    __decompress                              - Undefined Weak Reference
    _clock_init                               - Undefined Weak Reference
    _microlib_exit                            - Undefined Weak Reference
    Reset_Handler                            0x0000026d   Thumb Code     0  startup.o(RESET)
    NMI_Handler                              0x00000271   Thumb Code     2  startup.o(RESET)
    HardFault_Handler                        0x00000273   Thumb Code     2  startup.o(RESET)
    MemManage_Handler                        0x00000275   Thumb Code     2  startup.o(RESET)
    BusFault_Handler                         0x00000277   Thumb Code     2  startup.o(RESET)
    UsageFault_Handler                       0x00000279   Thumb Code     2  startup.o(RESET)
    SVC_Handler                              0x0000027b   Thumb Code     2  startup.o(RESET)
    DebugMon_Handler                         0x0000027d   Thumb Code     2  startup.o(RESET)
    PendSV_Handler                           0x0000027f   Thumb Code     2  startup.o(RESET)
    ADC0Seq0_Handler                         0x00000283   Thumb Code     0  startup.o(RESET)
    ADC0Seq1_Handler                         0x00000283   Thumb Code     0  startup.o(RESET)
    ADC0Seq2_Handler                         0x00000283   Thumb Code     0  startup.o(RESET)
    ADC0Seq3_Handler                         0x00000283   Thumb Code     0  startup.o(RESET)
    ADC1Seq0_Handler                         0x00000283   Thumb Code     0  startup.o(RESET)
    ADC1Seq1_Handler                         0x00000283   Thumb Code     0  startup.o(RESET)
    ADC1Seq2_Handler                         0x00000283   Thumb Code     0  startup.o(RESET)
    ADC1Seq3_Handler                         0x00000283   Thumb Code     0  startup.o(RESET)
    CAN0_Handler                             0x00000283   Thumb Code     0  startup.o(RESET)
    CAN1_Handler                             0x00000283   Thumb Code     0  startup.o(RESET)
    CAN2_Handler                             0x00000283   Thumb Code     0  startup.o(RESET)
    Comp0_Handler                            0x00000283   Thumb Code     0  startup.o(RESET)
    Comp1_Handler                            0x00000283   Thumb Code     0  startup.o(RESET)
    Comp2_Handler                            0x00000283   Thumb Code     0  startup.o(RESET)
    Ethernet_Handler                         0x00000283   Thumb Code     0  startup.o(RESET)
    ExtBus_Handler                           0x00000283   Thumb Code     0  startup.o(RESET)
    FPU_Handler                              0x00000283   Thumb Code     0  startup.o(RESET)
    Fan0_Handler                             0x00000283   Thumb Code     0  startup.o(RESET)
    FlashCtl_Handler                         0x00000283   Thumb Code     0  startup.o(RESET)
    GPIOPortA_Handler                        0x00000283   Thumb Code     0  startup.o(RESET)
    GPIOPortB_Handler                        0x00000283   Thumb Code     0  startup.o(RESET)
    GPIOPortC_Handler                        0x00000283   Thumb Code     0  startup.o(RESET)
    GPIOPortD_Handler                        0x00000283   Thumb Code     0  startup.o(RESET)
    GPIOPortE_Handler                        0x00000283   Thumb Code     0  startup.o(RESET)
    GPIOPortF_Handler                        0x00000283   Thumb Code     0  startup.o(RESET)
    GPIOPortG_Handler                        0x00000283   Thumb Code     0  startup.o(RESET)
    GPIOPortH_Handler                        0x00000283   Thumb Code     0  startup.o(RESET)
    GPIOPortJ_Handler                        0x00000283   Thumb Code     0  startup.o(RESET)
    GPIOPortK_Handler                        0x00000283   Thumb Code     0  startup.o(RESET)
    GPIOPortL_Handler                        0x00000283   Thumb Code     0  startup.o(RESET)
    GPIOPortM_Handler                        0x00000283   Thumb Code     0  startup.o(RESET)
    GPIOPortN_Handler                        0x00000283   Thumb Code     0  startup.o(RESET)
    GPIOPortP1_Handler                       0x00000283   Thumb Code     0  startup.o(RESET)
    GPIOPortP2_Handler                       0x00000283   Thumb Code     0  startup.o(RESET)
    GPIOPortP3_Handler                       0x00000283   Thumb Code     0  startup.o(RESET)
    GPIOPortP4_Handler                       0x00000283   Thumb Code     0  startup.o(RESET)
    GPIOPortP5_Handler                       0x00000283   Thumb Code     0  startup.o(RESET)
    GPIOPortP6_Handler                       0x00000283   Thumb Code     0  startup.o(RESET)
    GPIOPortP7_Handler                       0x00000283   Thumb Code     0  startup.o(RESET)
    GPIOPortP_Handler                        0x00000283   Thumb Code     0  startup.o(RESET)
    GPIOPortQ1_Handler                       0x00000283   Thumb Code     0  startup.o(RESET)
    GPIOPortQ2_Handler                       0x00000283   Thumb Code     0  startup.o(RESET)
    GPIOPortQ3_Handler                       0x00000283   Thumb Code     0  startup.o(RESET)
    GPIOPortQ4_Handler                       0x00000283   Thumb Code     0  startup.o(RESET)
    GPIOPortQ5_Handler                       0x00000283   Thumb Code     0  startup.o(RESET)
    GPIOPortQ6_Handler                       0x00000283   Thumb Code     0  startup.o(RESET)
    GPIOPortQ7_Handler                       0x00000283   Thumb Code     0  startup.o(RESET)
    GPIOPortQ_Handler                        0x00000283   Thumb Code     0  startup.o(RESET)
    GPIOPortR_Handler                        0x00000283   Thumb Code     0  startup.o(RESET)
    GPIOPortS_Handler                        0x00000283   Thumb Code     0  startup.o(RESET)
    Hibernate_Handler                        0x00000283   Thumb Code     0  startup.o(RESET)
    I2C0_Handler                             0x00000283   Thumb Code     0  startup.o(RESET)
    I2C1_Handler                             0x00000283   Thumb Code     0  startup.o(RESET)
    I2C2_Handler                             0x00000283   Thumb Code     0  startup.o(RESET)
    I2C3_Handler                             0x00000283   Thumb Code     0  startup.o(RESET)
    I2C4_Handler                             0x00000283   Thumb Code     0  startup.o(RESET)
    I2C5_Handler                             0x00000283   Thumb Code     0  startup.o(RESET)
    I2S0_Handler                             0x00000283   Thumb Code     0  startup.o(RESET)
    LPC0_Handler                             0x00000283   Thumb Code     0  startup.o(RESET)
    PECI0_Handler                            0x00000283   Thumb Code     0  startup.o(RESET)
    PWM0Fault_Handler                        0x00000283   Thumb Code     0  startup.o(RESET)
    PWM0Generator0_Handler                   0x00000283   Thumb Code     0  startup.o(RESET)
    PWM0Generator1_Handler                   0x00000283   Thumb Code     0  startup.o(RESET)
    PWM0Generator2_Handler                   0x00000283   Thumb Code     0  startup.o(RESET)
    PWM0Generator3_Handler                   0x00000283   Thumb Code     0  startup.o(RESET)
    PWM1Fault_Handler                        0x00000283   Thumb Code     0  startup.o(RESET)
    PWM1Generator0_Handler                   0x00000283   Thumb Code     0  startup.o(RESET)
    PWM1Generator1_Handler                   0x00000283   Thumb Code     0  startup.o(RESET)
    PWM1Generator2_Handler                   0x00000283   Thumb Code     0  startup.o(RESET)
    PWM1Generator3_Handler                   0x00000283   Thumb Code     0  startup.o(RESET)
    Quadrature0_Handler                      0x00000283   Thumb Code     0  startup.o(RESET)
    Quadrature1_Handler                      0x00000283   Thumb Code     0  startup.o(RESET)
    Quadrature2_Handler                      0x00000283   Thumb Code     0  startup.o(RESET)
    SSI0_Handler                             0x00000283   Thumb Code     0  startup.o(RESET)
    SSI1_Handler                             0x00000283   Thumb Code     0  startup.o(RESET)
    SSI2_Handler                             0x00000283   Thumb Code     0  startup.o(RESET)
    SSI3_Handler                             0x00000283   Thumb Code     0  startup.o(RESET)
    SysCtl_Handler                           0x00000283   Thumb Code     0  startup.o(RESET)
    Timer0A_Handler                          0x00000283   Thumb Code     0  startup.o(RESET)
    Timer0B_Handler                          0x00000283   Thumb Code     0  startup.o(RESET)
    Timer1A_Handler                          0x00000283   Thumb Code     0  startup.o(RESET)
    Timer1B_Handler                          0x00000283   Thumb Code     0  startup.o(RESET)
    Timer2A_Handler                          0x00000283   Thumb Code     0  startup.o(RESET)
    Timer2B_Handler                          0x00000283   Thumb Code     0  startup.o(RESET)
    Timer3A_Handler                          0x00000283   Thumb Code     0  startup.o(RESET)
    Timer3B_Handler                          0x00000283   Thumb Code     0  startup.o(RESET)
    Timer4A_Handler                          0x00000283   Thumb Code     0  startup.o(RESET)
    Timer4B_Handler                          0x00000283   Thumb Code     0  startup.o(RESET)
    Timer5A_Handler                          0x00000283   Thumb Code     0  startup.o(RESET)
    Timer5B_Handler                          0x00000283   Thumb Code     0  startup.o(RESET)
    UART2_Handler                            0x00000283   Thumb Code     0  startup.o(RESET)
    UART3_Handler                            0x00000283   Thumb Code     0  startup.o(RESET)
    UART4_Handler                            0x00000283   Thumb Code     0  startup.o(RESET)
    UART5_Handler                            0x00000283   Thumb Code     0  startup.o(RESET)
    UART6_Handler                            0x00000283   Thumb Code     0  startup.o(RESET)
    UART7_Handler                            0x00000283   Thumb Code     0  startup.o(RESET)
    USB0_Handler                             0x00000283   Thumb Code     0  startup.o(RESET)
    WDT_Handler                              0x00000283   Thumb Code     0  startup.o(RESET)
    WideTimer0A_Handler                      0x00000283   Thumb Code     0  startup.o(RESET)
    WideTimer0B_Handler                      0x00000283   Thumb Code     0  startup.o(RESET)
    WideTimer1A_Handler                      0x00000283   Thumb Code     0  startup.o(RESET)
    WideTimer1B_Handler                      0x00000283   Thumb Code     0  startup.o(RESET)
    WideTimer2A_Handler                      0x00000283   Thumb Code     0  startup.o(RESET)
    WideTimer2B_Handler                      0x00000283   Thumb Code     0  startup.o(RESET)
    WideTimer3A_Handler                      0x00000283   Thumb Code     0  startup.o(RESET)
    WideTimer3B_Handler                      0x00000283   Thumb Code     0  startup.o(RESET)
    WideTimer4A_Handler                      0x00000283   Thumb Code     0  startup.o(RESET)
    WideTimer4B_Handler                      0x00000283   Thumb Code     0  startup.o(RESET)
    WideTimer5A_Handler                      0x00000283   Thumb Code     0  startup.o(RESET)
    WideTimer5B_Handler                      0x00000283   Thumb Code     0  startup.o(RESET)
    uDMA_Error                               0x00000283   Thumb Code     0  startup.o(RESET)
    uDMA_Handler                             0x00000283   Thumb Code     0  startup.o(RESET)
    __main                                   0x00000285   Thumb Code     0  entry.o(.ARM.Collect$$$$00000000)
    _main_stk                                0x00000285   Thumb Code     0  entry2.o(.ARM.Collect$$$$00000001)
    _main_scatterload                        0x00000289   Thumb Code     0  entry5.o(.ARM.Collect$$$$00000004)
    __main_after_scatterload                 0x0000028d   Thumb Code     0  entry5.o(.ARM.Collect$$$$00000004)
    _main_clock                              0x0000028d   Thumb Code     0  entry7b.o(.ARM.Collect$$$$00000008)
    _main_cpp_init                           0x0000028d   Thumb Code     0  entry8b.o(.ARM.Collect$$$$0000000A)
    _main_init                               0x0000028d   Thumb Code     0  entry9a.o(.ARM.Collect$$$$0000000B)
    __rt_final_cpp                           0x00000295   Thumb Code     0  entry10a.o(.ARM.Collect$$$$0000000D)
    __rt_final_exit                          0x00000295   Thumb Code     0  entry11a.o(.ARM.Collect$$$$0000000F)
    DisableInterrupts                        0x00000299   Thumb Code     0  startup.o(.text)
    EnableInterrupts                         0x0000029d   Thumb Code     0  startup.o(.text)
    StartCritical                            0x000002a1   Thumb Code     0  startup.o(.text)
    EndCritical                              0x000002a9   Thumb Code     0  startup.o(.text)
    WaitForInterrupt                         0x000002af   Thumb Code     0  startup.o(.text)
    strcpy                                   0x000002b5   Thumb Code    18  strcpy.o(.text)
    __aeabi_uidiv                            0x000002c7   Thumb Code     0  uidiv.o(.text)
    __aeabi_uidivmod                         0x000002c7   Thumb Code    44  uidiv.o(.text)
    __aeabi_uldivmod                         0x000002f3   Thumb Code    98  uldiv.o(.text)
    __I$use$fp                               0x00000355   Thumb Code     0  iusefp.o(.text)
    __aeabi_dadd                             0x00000355   Thumb Code   322  dadd.o(.text)
    __aeabi_dsub                             0x00000497   Thumb Code     6  dadd.o(.text)
    __aeabi_drsub                            0x0000049d   Thumb Code     6  dadd.o(.text)
    __aeabi_dmul                             0x000004a3   Thumb Code   228  dmul.o(.text)
    __aeabi_ddiv                             0x00000587   Thumb Code   222  ddiv.o(.text)
    __aeabi_d2ulz                            0x00000665   Thumb Code    48  dfixul.o(.text)
    __aeabi_cdrcmple                         0x00000695   Thumb Code    48  cdrcmple.o(.text)
    __scatterload                            0x000006c5   Thumb Code    28  init.o(.text)
    __scatterload_rt2                        0x000006c5   Thumb Code     0  init.o(.text)
    __aeabi_llsl                             0x000006e9   Thumb Code    30  llshl.o(.text)
    _ll_shift_l                              0x000006e9   Thumb Code     0  llshl.o(.text)
    __aeabi_llsr                             0x00000707   Thumb Code    32  llushr.o(.text)
    _ll_ushift_r                             0x00000707   Thumb Code     0  llushr.o(.text)
    __aeabi_lasr                             0x00000727   Thumb Code    36  llsshr.o(.text)
    _ll_sshift_r                             0x00000727   Thumb Code     0  llsshr.o(.text)
    _double_round                            0x0000074b   Thumb Code    30  depilogue.o(.text)
    _double_epilogue                         0x00000769   Thumb Code   156  depilogue.o(.text)
    ADC0_In                                  0x00000805   Thumb Code    70  adccode.o(.text.ADC0_In)
    ATsend                                   0x0000084d   Thumb Code   104  hc05.o(.text.ATsend)
    Board_Input                              0x000008b5   Thumb Code    30  led.o(.text.Board_Input)
    Convert                                  0x000008d5   Thumb Code    48  pa6.o(.text.Convert)
    ConvertDistancetostring                  0x00000905   Thumb Code   170  pa6.o(.text.ConvertDistancetostring)
    DelayMs                                  0x000009b1   Thumb Code    46  hc05.o(.text.DelayMs)
    DelayMsSearching                         0x000009e1   Thumb Code    64  hc05.o(.text.DelayMsSearching)
    HC05FIFOtoBuffer                         0x00000a21   Thumb Code   122  hc05.o(.text.HC05FIFOtoBuffer)
    HC05_EnableRXInterrupt                   0x00000a9d   Thumb Code    14  hc05.o(.text.HC05_EnableRXInterrupt)
    HC05_Init                                0x00000aad   Thumb Code    48  hc05.o(.text.HC05_Init)
    HC05_InitUART                            0x00000add   Thumb Code   300  hc05.o(.text.HC05_InitUART)
    HC05_PrintChar                           0x00000c09   Thumb Code    56  hc05.o(.text.HC05_PrintChar)
    HC05config_slave                         0x00000c41   Thumb Code   450  hc05.o(.text.HC05config_slave)
    PLL_Init                                 0x00000e05   Thumb Code   138  pll.o(.text.PLL_Init)
    RxFifo_Put                               0x00000e91   Thumb Code    86  uart.o(.text.RxFifo_Put)
    RxFifo_Size                              0x00000ee9   Thumb Code    26  uart.o(.text.RxFifo_Size)
    ST7735_DrawCharS                         0x00000f05   Thumb Code   436  st7735.o(.text.ST7735_DrawCharS)
    ST7735_DrawPixel                         0x000010b9   Thumb Code   112  st7735.o(.text.ST7735_DrawPixel)
    ST7735_DrawString                        0x00001129   Thumb Code   156  st7735.o(.text.ST7735_DrawString)
    ST7735_FillRect                          0x000011c5   Thumb Code   318  st7735.o(.text.ST7735_FillRect)
    ST7735_OutChar                           0x00001305   Thumb Code   270  st7735.o(.text.ST7735_OutChar)
    SearchCheck                              0x00001415   Thumb Code   142  hc05.o(.text.SearchCheck)
    SearchStart                              0x000014a5   Thumb Code    58  hc05.o(.text.SearchStart)
    SysTick_Handler                          0x000014e1   Thumb Code   104  pa6.o(.text.SysTick_Handler)
    TxFifo_Get                               0x00001549   Thumb Code    82  uart.o(.text.TxFifo_Get)
    TxFifo_Put                               0x0000159d   Thumb Code    86  uart.o(.text.TxFifo_Put)
    TxFifo_Size                              0x000015f5   Thumb Code    26  uart.o(.text.TxFifo_Size)
    UART0_Handler                            0x00001611   Thumb Code   138  uart.o(.text.UART0_Handler)
    UART1_Handler                            0x0000169d   Thumb Code    76  hc05.o(.text.UART1_Handler)
    UART_OutChar                             0x000016e9   Thumb Code    60  uart.o(.text.UART_OutChar)
    UART_OutCharNonBlock                     0x00001725   Thumb Code    60  uart.o(.text.UART_OutCharNonBlock)
    UART_OutString                           0x00001761   Thumb Code    38  uart.o(.text.UART_OutString)
    fputc                                    0x00001835   Thumb Code    22  st7735.o(.text.fputc)
    lc                                       0x0000184d   Thumb Code    48  hc05.o(.text.lc)
    main                                     0x0000187d   Thumb Code   136  pa6.o(.text.main)
    __0printf                                0x00001a41   Thumb Code    22  printfa.o(i.__0printf)
    __1printf                                0x00001a41   Thumb Code     0  printfa.o(i.__0printf)
    __2printf                                0x00001a41   Thumb Code     0  printfa.o(i.__0printf)
    __c89printf                              0x00001a41   Thumb Code     0  printfa.o(i.__0printf)
    printf                                   0x00001a41   Thumb Code     0  printfa.o(i.__0printf)
    __scatterload_copy                       0x00001a61   Thumb Code    14  handlers.o(i.__scatterload_copy)
    __scatterload_null                       0x00001a6f   Thumb Code     2  handlers.o(i.__scatterload_null)
    __scatterload_zeroinit                   0x00001a71   Thumb Code    14  handlers.o(i.__scatterload_zeroinit)
    Region$$Table$$Base                      0x00002a9c   Number         0  anon$$obj.o(Region$$Table)
    Region$$Table$$Limit                     0x00002abc   Number         0  anon$$obj.o(Region$$Table)
    __stdout                                 0x20000000   Data           4  stdout.o(.data)
    SearchString                             0x20000004   Data          32  hc05.o(.data.SearchString)
    Size                                     0x20000024   Data           4  pa6.o(.data.Size)
    StTextColor                              0x20000028   Data           2  st7735.o(.data.StTextColor)
    ADCvalue                                 0x20000030   Data           4  pa6.o(.bss.ADCvalue)
    Bar                                      0x20000034   Data           4  pa6.o(.bss.Bar)
    Distance                                 0x2000003c   Data           4  pa6.o(.bss.Distance)
    Flag                                     0x20000040   Data           4  pa6.o(.bss.Flag)
    RXBuffer                                 0x20000044   Data        1024  hc05.o(.bss.RXBuffer)
    RXBufferIndex                            0x20000444   Data           4  hc05.o(.bss.RXBufferIndex)
    RxGetI                                   0x2000084c   Data           4  uart.o(.bss.RxGetI)
    RxPutI                                   0x20000850   Data           4  uart.o(.bss.RxPutI)
    SearchFound                              0x20000854   Data           1  hc05.o(.bss.SearchFound)
    SearchIndex                              0x20000858   Data           4  hc05.o(.bss.SearchIndex)
    SearchLooking                            0x2000085c   Data           1  hc05.o(.bss.SearchLooking)
    StX                                      0x20000860   Data           4  st7735.o(.bss.StX)
    StY                                      0x20000864   Data           4  st7735.o(.bss.StY)
    String                                   0x20000868   Data          10  pa6.o(.bss.String)
    TxGetI                                   0x20000c74   Data           4  uart.o(.bss.TxGetI)
    TxPutI                                   0x20000c78   Data           4  uart.o(.bss.TxPutI)
    __initial_sp                             0x20001080   Data           0  startup.o(STACK)



==============================================================================

Memory Map of the image

  Image Entry point : 0x0000026d

  Load Region LR_1 (Base: 0x00000000, Size: 0x00002aec, Max: 0xffffffff, ABSOLUTE)

    Execution Region ER_RO (Exec base: 0x00000000, Load base: 0x00000000, Size: 0x00002abc, Max: 0xffffffff, ABSOLUTE)

    Exec Addr    Load Addr    Size         Type   Attr      Idx    E Section Name        Object

    0x00000000   0x00000000   0x00000284   Code   RO            3  * RESET               startup.o
    0x00000284   0x00000284   0x00000000   Code   RO          344  * .ARM.Collect$$$$00000000  mc_w.l(entry.o)
    0x00000284   0x00000284   0x00000004   Code   RO          377    .ARM.Collect$$$$00000001  mc_w.l(entry2.o)
    0x00000288   0x00000288   0x00000004   Code   RO          380    .ARM.Collect$$$$00000004  mc_w.l(entry5.o)
    0x0000028c   0x0000028c   0x00000000   Code   RO          382    .ARM.Collect$$$$00000008  mc_w.l(entry7b.o)
    0x0000028c   0x0000028c   0x00000000   Code   RO          384    .ARM.Collect$$$$0000000A  mc_w.l(entry8b.o)
    0x0000028c   0x0000028c   0x00000008   Code   RO          385    .ARM.Collect$$$$0000000B  mc_w.l(entry9a.o)
    0x00000294   0x00000294   0x00000000   Code   RO          387    .ARM.Collect$$$$0000000D  mc_w.l(entry10a.o)
    0x00000294   0x00000294   0x00000000   Code   RO          389    .ARM.Collect$$$$0000000F  mc_w.l(entry11a.o)
    0x00000294   0x00000294   0x00000004   Code   RO          378    .ARM.Collect$$$$00002712  mc_w.l(entry2.o)
    0x00000298   0x00000298   0x0000001c   Code   RO            4    .text               startup.o
    0x000002b4   0x000002b4   0x00000012   Code   RO          347    .text               mc_w.l(strcpy.o)
    0x000002c6   0x000002c6   0x0000002c   Code   RO          401    .text               mc_w.l(uidiv.o)
    0x000002f2   0x000002f2   0x00000062   Code   RO          403    .text               mc_w.l(uldiv.o)
    0x00000354   0x00000354   0x00000000   Code   RO          405    .text               mc_w.l(iusefp.o)
    0x00000354   0x00000354   0x0000014e   Code   RO          406    .text               mf_w.l(dadd.o)
    0x000004a2   0x000004a2   0x000000e4   Code   RO          408    .text               mf_w.l(dmul.o)
    0x00000586   0x00000586   0x000000de   Code   RO          410    .text               mf_w.l(ddiv.o)
    0x00000664   0x00000664   0x00000030   Code   RO          412    .text               mf_w.l(dfixul.o)
    0x00000694   0x00000694   0x00000030   Code   RO          414    .text               mf_w.l(cdrcmple.o)
    0x000006c4   0x000006c4   0x00000024   Code   RO          416    .text               mc_w.l(init.o)
    0x000006e8   0x000006e8   0x0000001e   Code   RO          418    .text               mc_w.l(llshl.o)
    0x00000706   0x00000706   0x00000020   Code   RO          420    .text               mc_w.l(llushr.o)
    0x00000726   0x00000726   0x00000024   Code   RO          422    .text               mc_w.l(llsshr.o)
    0x0000074a   0x0000074a   0x000000ba   Code   RO          424    .text               mf_w.l(depilogue.o)
    0x00000804   0x00000804   0x00000046   Code   RO          199    .text.ADC0_In       adccode.o
    0x0000084a   0x0000084a   0x00000002   PAD
    0x0000084c   0x0000084c   0x00000068   Code   RO          230    .text.ATsend        hc05.o
    0x000008b4   0x000008b4   0x0000001e   Code   RO          257    .text.Board_Input   led.o
    0x000008d2   0x000008d2   0x00000002   PAD
    0x000008d4   0x000008d4   0x00000030   Code   RO          170    .text.Convert       pa6.o
    0x00000904   0x00000904   0x000000aa   Code   RO          174    .text.ConvertDistancetostring  pa6.o
    0x000009ae   0x000009ae   0x00000002   PAD
    0x000009b0   0x000009b0   0x0000002e   Code   RO          226    .text.DelayMs       hc05.o
    0x000009de   0x000009de   0x00000002   PAD
    0x000009e0   0x000009e0   0x00000040   Code   RO          228    .text.DelayMsSearching  hc05.o
    0x00000a20   0x00000a20   0x0000007a   Code   RO          218    .text.HC05FIFOtoBuffer  hc05.o
    0x00000a9a   0x00000a9a   0x00000002   PAD
    0x00000a9c   0x00000a9c   0x0000000e   Code   RO          220    .text.HC05_EnableRXInterrupt  hc05.o
    0x00000aaa   0x00000aaa   0x00000002   PAD
    0x00000aac   0x00000aac   0x00000030   Code   RO          236    .text.HC05_Init     hc05.o
    0x00000adc   0x00000adc   0x0000012c   Code   RO          214    .text.HC05_InitUART  hc05.o
    0x00000c08   0x00000c08   0x00000038   Code   RO          224    .text.HC05_PrintChar  hc05.o
    0x00000c40   0x00000c40   0x000001c2   Code   RO          232    .text.HC05config_slave  hc05.o
    0x00000e02   0x00000e02   0x00000002   PAD
    0x00000e04   0x00000e04   0x0000008a   Code   RO           13    .text.PLL_Init      pll.o
    0x00000e8e   0x00000e8e   0x00000002   PAD
    0x00000e90   0x00000e90   0x00000056   Code   RO          286    .text.RxFifo_Put    uart.o
    0x00000ee6   0x00000ee6   0x00000002   PAD
    0x00000ee8   0x00000ee8   0x0000001a   Code   RO          290    .text.RxFifo_Size   uart.o
    0x00000f02   0x00000f02   0x00000002   PAD
    0x00000f04   0x00000f04   0x000001b4   Code   RO           57    .text.ST7735_DrawCharS  st7735.o
    0x000010b8   0x000010b8   0x00000070   Code   RO           39    .text.ST7735_DrawPixel  st7735.o
    0x00001128   0x00001128   0x0000009c   Code   RO           61    .text.ST7735_DrawString  st7735.o
    0x000011c4   0x000011c4   0x0000013e   Code   RO           49    .text.ST7735_FillRect  st7735.o
    0x00001302   0x00001302   0x00000002   PAD
    0x00001304   0x00001304   0x0000010e   Code   RO           87    .text.ST7735_OutChar  st7735.o
    0x00001412   0x00001412   0x00000002   PAD
    0x00001414   0x00001414   0x0000008e   Code   RO          212    .text.SearchCheck   hc05.o
    0x000014a2   0x000014a2   0x00000002   PAD
    0x000014a4   0x000014a4   0x0000003a   Code   RO          210    .text.SearchStart   hc05.o
    0x000014de   0x000014de   0x00000002   PAD
    0x000014e0   0x000014e0   0x00000068   Code   RO          172    .text.SysTick_Handler  pa6.o
    0x00001548   0x00001548   0x00000052   Code   RO          296    .text.TxFifo_Get    uart.o
    0x0000159a   0x0000159a   0x00000002   PAD
    0x0000159c   0x0000159c   0x00000056   Code   RO          294    .text.TxFifo_Put    uart.o
    0x000015f2   0x000015f2   0x00000002   PAD
    0x000015f4   0x000015f4   0x0000001a   Code   RO          298    .text.TxFifo_Size   uart.o
    0x0000160e   0x0000160e   0x00000002   PAD
    0x00001610   0x00001610   0x0000008a   Code   RO          314    .text.UART0_Handler  uart.o
    0x0000169a   0x0000169a   0x00000002   PAD
    0x0000169c   0x0000169c   0x0000004c   Code   RO          216    .text.UART1_Handler  hc05.o
    0x000016e8   0x000016e8   0x0000003c   Code   RO          308    .text.UART_OutChar  uart.o
    0x00001724   0x00001724   0x0000003c   Code   RO          312    .text.UART_OutCharNonBlock  uart.o
    0x00001760   0x00001760   0x00000026   Code   RO          318    .text.UART_OutString  uart.o
    0x00001786   0x00001786   0x00000002   PAD
    0x00001788   0x00001788   0x00000056   Code   RO          316    .text.copyHardwareToSoftware  uart.o
    0x000017de   0x000017de   0x00000002   PAD
    0x000017e0   0x000017e0   0x00000052   Code   RO          310    .text.copySoftwareToHardware  uart.o
    0x00001832   0x00001832   0x00000002   PAD
    0x00001834   0x00001834   0x00000016   Code   RO           93    .text.fputc         st7735.o
    0x0000184a   0x0000184a   0x00000002   PAD
    0x0000184c   0x0000184c   0x00000030   Code   RO          208    .text.lc            hc05.o
    0x0000187c   0x0000187c   0x00000088   Code   RO          164    .text.main          pa6.o
    0x00001904   0x00001904   0x0000001c   Code   RO           43    .text.pushColor     st7735.o
    0x00001920   0x00001920   0x00000094   Code   RO           41    .text.setAddrWindow  st7735.o
    0x000019b4   0x000019b4   0x00000050   Code   RO           35    .text.writecommand  st7735.o
    0x00001a04   0x00001a04   0x0000003a   Code   RO           37    .text.writedata     st7735.o
    0x00001a3e   0x00001a3e   0x00000002   PAD
    0x00001a40   0x00001a40   0x00000020   Code   RO          350    i.__0printf         mc_w.l(printfa.o)
    0x00001a60   0x00001a60   0x0000000e   Code   RO          428    i.__scatterload_copy  mc_w.l(handlers.o)
    0x00001a6e   0x00001a6e   0x00000002   Code   RO          429    i.__scatterload_null  mc_w.l(handlers.o)
    0x00001a70   0x00001a70   0x0000000e   Code   RO          430    i.__scatterload_zeroinit  mc_w.l(handlers.o)
    0x00001a7e   0x00001a7e   0x00000002   PAD
    0x00001a80   0x00001a80   0x00000184   Code   RO          357    i._fp_digits        mc_w.l(printfa.o)
    0x00001c04   0x00001c04   0x000006dc   Code   RO          358    i._printf_core      mc_w.l(printfa.o)
    0x000022e0   0x000022e0   0x00000024   Code   RO          359    i._printf_post_padding  mc_w.l(printfa.o)
    0x00002304   0x00002304   0x0000002e   Code   RO          360    i._printf_pre_padding  mc_w.l(printfa.o)
    0x00002332   0x00002332   0x000004fb   Data   RO          122    .rodata.Font        st7735.o
    0x0000282d   0x0000282d   0x00000016   Data   RO          132    .rodata.str1.1      st7735.o
    0x00002843   0x00002843   0x000000f9   Data   RO          183    .rodata.str1.1      pa6.o
    0x0000293c   0x0000293c   0x0000015e   Data   RO          245    .rodata.str1.1      hc05.o
    0x00002a9a   0x00002a9a   0x00000002   PAD
    0x00002a9c   0x00002a9c   0x00000020   Data   RO          427    Region$$Table       anon$$obj.o


    Execution Region ER_RW (Exec base: 0x20000000, Load base: 0x00002abc, Size: 0x00000030, Max: 0xffffffff, ABSOLUTE)

    Exec Addr    Load Addr    Size         Type   Attr      Idx    E Section Name        Object

    0x20000000   0x00002abc   0x00000004   Data   RW          391    .data               mc_w.l(stdout.o)
    0x20000004   0x00002ac0   0x00000020   Data   RW          241    .data.SearchString  hc05.o
    0x20000024   0x00002ae0   0x00000004   Data   RW          182    .data.Size          pa6.o
    0x20000028   0x00002ae4   0x00000002   Data   RW          111    .data.StTextColor   st7735.o
    0x2000002a   0x00002ae6   0x00000002   Data   RW          121    .data._height       st7735.o
    0x2000002c   0x00002ae8   0x00000002   Data   RW          120    .data._width        st7735.o


    Execution Region ER_ZI (Exec base: 0x20000030, Load base: 0x00002aec, Size: 0x00001050, Max: 0xffffffff, ABSOLUTE)

    Exec Addr    Load Addr    Size         Type   Attr      Idx    E Section Name        Object

    0x20000030        -       0x00000004   Zero   RW          185    .bss.ADCvalue       pa6.o
    0x20000034        -       0x00000004   Zero   RW          187    .bss.Bar            pa6.o
    0x20000038        -       0x00000001   Zero   RW          115    .bss.ColStart       st7735.o
    0x20000039   0x00002aec   0x00000003   PAD
    0x2000003c        -       0x00000004   Zero   RW          186    .bss.Distance       pa6.o
    0x20000040        -       0x00000004   Zero   RW          184    .bss.Flag           pa6.o
    0x20000044        -       0x00000400   Zero   RW          246    .bss.RXBuffer       hc05.o
    0x20000444        -       0x00000004   Zero   RW          238    .bss.RXBufferIndex  hc05.o
    0x20000448        -       0x00000001   Zero   RW          116    .bss.RowStart       st7735.o
    0x20000449        -       0x00000400   Zero   RW          334    .bss.RxFifo         uart.o
    0x20000849   0x00002aec   0x00000003   PAD
    0x2000084c        -       0x00000004   Zero   RW          332    .bss.RxGetI         uart.o
    0x20000850        -       0x00000004   Zero   RW          333    .bss.RxPutI         uart.o
    0x20000854        -       0x00000001   Zero   RW          243    .bss.SearchFound    hc05.o
    0x20000855   0x00002aec   0x00000003   PAD
    0x20000858        -       0x00000004   Zero   RW          244    .bss.SearchIndex    hc05.o
    0x2000085c        -       0x00000001   Zero   RW          242    .bss.SearchLooking  hc05.o
    0x2000085d   0x00002aec   0x00000003   PAD
    0x20000860        -       0x00000004   Zero   RW          109    .bss.StX            st7735.o
    0x20000864        -       0x00000004   Zero   RW          110    .bss.StY            st7735.o
    0x20000868        -       0x0000000a   Zero   RW          188    .bss.String         pa6.o
    0x20000872        -       0x00000400   Zero   RW          337    .bss.TxFifo         uart.o
    0x20000c72   0x00002aec   0x00000002   PAD
    0x20000c74        -       0x00000004   Zero   RW          335    .bss.TxGetI         uart.o
    0x20000c78        -       0x00000004   Zero   RW          336    .bss.TxPutI         uart.o
    0x20000c7c   0x00002aec   0x00000004   PAD
    0x20000c80        -       0x00000400   Zero   RW            1    STACK               startup.o


==============================================================================

Image component sizes


      Code (inc. data)   RO Data    RW Data    ZI Data      Debug   Object Name

        70          0          0          0          0        843   adccode.o
      1528          0        350         32       1034       4063   hc05.o
        30          0          0          0          0       1372   led.o
       458          0        249          4         26       2632   pa6.o
       138          0          0          0          0        577   pll.o
      1628          0       1297          6         10      11645   st7735.o
       672        622          0          0       1024        980   startup.o
       770          0          0          0       2064       4631   uart.o

    ----------------------------------------------------------------------
      5340        622       1930         44       4176      26743   Object Totals
         0          0         32          0          0          0   (incl. Generated)
        46          0          2          2         18          0   (incl. Padding)

    ----------------------------------------------------------------------

      Code (inc. data)   RO Data    RW Data    ZI Data      Debug   Library Member Name

         0          0          0          0          0          0   entry.o
         0          0          0          0          0          0   entry10a.o
         0          0          0          0          0          0   entry11a.o
         8          4          0          0          0          0   entry2.o
         4          0          0          0          0          0   entry5.o
         0          0          0          0          0          0   entry7b.o
         0          0          0          0          0          0   entry8b.o
         8          4          0          0          0          0   entry9a.o
        30          0          0          0          0          0   handlers.o
        36          8          0          0          0         68   init.o
         0          0          0          0          0          0   iusefp.o
        30          0          0          0          0         68   llshl.o
        36          0          0          0          0         68   llsshr.o
        32          0          0          0          0         68   llushr.o
      2258         90          0          0          0        452   printfa.o
         0          0          0          4          0          0   stdout.o
        18          0          0          0          0         68   strcpy.o
        44          0          0          0          0         80   uidiv.o
        98          0          0          0          0         92   uldiv.o
        48          0          0          0          0         68   cdrcmple.o
       334          0          0          0          0        148   dadd.o
       222          0          0          0          0        100   ddiv.o
       186          0          0          0          0        176   depilogue.o
        48          0          0          0          0         68   dfixul.o
       228          0          0          0          0         96   dmul.o

    ----------------------------------------------------------------------
      3670        106          0          4          0       1620   Library Totals
         2          0          0          0          0          0   (incl. Padding)

    ----------------------------------------------------------------------

      Code (inc. data)   RO Data    RW Data    ZI Data      Debug   Library Name

      2602        106          0          4          0        964   mc_w.l
      1066          0          0          0          0        656   mf_w.l

    ----------------------------------------------------------------------
      3670        106          0          4          0       1620   Library Totals

    ----------------------------------------------------------------------

==============================================================================


      Code (inc. data)   RO Data    RW Data    ZI Data      Debug   

      9010        728       1930         48       4176      27563   Grand Totals
      9010        728       1930         48       4176      27563   ELF Image Totals
      9010        728       1930         48          0          0   ROM Totals

==============================================================================

    Total RO  Size (Code + RO Data)                10940 (  10.68kB)
    Total RW  Size (RW Data + ZI Data)              4224 (   4.12kB)
    Total ROM Size (Code + RO Data + RW Data)      10988 (  10.73kB)

==============================================================================

